<html>
<body>
<pre>
<h1>µVision Build Log</h1>
<h2>Project:</h2>
D:\2016NEW\stm32_net\Project\RVMDK£¨uv4£©\iSO-STM32.uvproj
Project File Date:  02/19/2016

<h2>Output:</h2>
Build target 'enc28j60+lwip'
assembling startup_stm32f10x_hd.s...
compiling main.c...
compiling stm32f10x_it.c...
compiling bsp_led.c...
compiling bsp_SysTick.c...
compiling bsp_usart1.c...
compiling misc.c...
compiling stm32f10x_adc.c...
compiling stm32f10x_bkp.c...
compiling stm32f10x_can.c...
compiling stm32f10x_cec.c...
compiling stm32f10x_crc.c...
compiling stm32f10x_dac.c...
compiling stm32f10x_dbgmcu.c...
compiling stm32f10x_dma.c...
compiling stm32f10x_exti.c...
compiling stm32f10x_flash.c...
compiling stm32f10x_fsmc.c...
compiling stm32f10x_gpio.c...
compiling stm32f10x_i2c.c...
compiling stm32f10x_iwdg.c...
compiling stm32f10x_pwr.c...
compiling stm32f10x_rcc.c...
compiling stm32f10x_rtc.c...
compiling stm32f10x_sdio.c...
compiling stm32f10x_spi.c...
compiling stm32f10x_tim.c...
compiling stm32f10x_usart.c...
compiling stm32f10x_wwdg.c...
compiling core_cm3.c...
compiling system_stm32f10x.c...
compiling ENC28J60.C...
compiling SPI.C...
compiling cmd.c...
compiling httpd.c...
..\..\User\app\httpd.c(9): warning:  #192-D: unrecognized character escape sequence
..\..\User\app\httpd.c(9): warning:  #192-D: unrecognized character escape sequence
..\..\User\app\httpd.c(10): warning:  #192-D: unrecognized character escape sequence
..\..\User\app\httpd.c(10): warning:  #192-D: unrecognized character escape sequence
..\..\User\app\httpd.c(11): warning:  #192-D: unrecognized character escape sequence
..\..\User\app\httpd.c(11): warning:  #192-D: unrecognized character escape sequence
compiling netconfig.c...
compiling api_lib.c...
compiling api_msg.c...
compiling err.c...
compiling netbuf.c...
compiling netdb.c...
compiling netifapi.c...
compiling sockets.c...
compiling tcpip.c...
compiling dhcp.c...
compiling dns.c...
compiling init.c...
compiling mem.c...
..\..\LWIP\lwip-1.3.2\src\core\mem.c(184): warning:  #550-D: variable "mem_sem" was set but never used
compiling memp.c...
compiling netif.c...
compiling pbuf.c...
compiling raw.c...
compiling stats.c...
compiling sys.c...
compiling tcp.c...
compiling tcp_in.c...
compiling tcp_out.c...
compiling udp.c...
compiling autoip.c...
compiling icmp.c...
compiling igmp.c...
compiling inet.c...
compiling inet_chksum.c...
compiling ip.c...
compiling ip_addr.c...
compiling ip_frag.c...
compiling asn1_dec.c...
compiling asn1_enc.c...
compiling mib_structs.c...
compiling mib2.c...
compiling msg_in.c...
compiling msg_out.c...
compiling etharp.c...
compiling ethernetif.c...
compiling loopif.c...
compiling slipif.c...
linking...
Program Size: Code=44754 RO-data=2978 RW-data=252 ZI-data=34428  
FromELF: creating hex file...
"..\..\Output\Template.axf" - 0 Errors, 7 Warning(s).
Build target 'enc28j60+lwip'
compiling ENC28J60.C...
compiling SPI.C...
linking...
Program Size: Code=44754 RO-data=2978 RW-data=252 ZI-data=34428  
FromELF: creating hex file...
"..\..\Output\Template.axf" - 0 Errors, 0 Warning(s).
