ARM Linker, 5.03 [Build 76] [MDK-ARM Standard]

==============================================================================

Section Cross References

    startup_stm32f10x_hd.o(RESET) refers to startup_stm32f10x_hd.o(STACK) for __initial_sp
    startup_stm32f10x_hd.o(RESET) refers to startup_stm32f10x_hd.o(.text) for Reset_Handler
    startup_stm32f10x_hd.o(RESET) refers to stm32f10x_it.o(.text) for NMI_Handler
    startup_stm32f10x_hd.o(.text) refers to system_stm32f10x.o(.text) for SystemInit
    startup_stm32f10x_hd.o(.text) refers to entry.o(.ARM.Collect$$$$00000000) for __main
    main.o(.text) refers to bsp_usart1.o(.text) for USART1_Config
    main.o(.text) refers to spi.o(.text) for SPI2_Init
    main.o(.text) refers to bsp_systick.o(.text) for SysTick_Init
    main.o(.text) refers to bsp_led.o(.text) for LED_GPIO_Config
    main.o(.text) refers to printfa.o(i.__0printf) for __2printf
    main.o(.text) refers to netconfig.o(.text) for LwIP_Init
    main.o(.text) refers to httpd.o(.text) for httpd_init
    main.o(.text) refers to cmd.o(.text) for CMD_init
    main.o(.text) refers to main.o(.data) for LocalTime
    stm32f10x_it.o(.text) refers to printfa.o(i.__0printf) for printf
    stm32f10x_it.o(.text) refers to netconfig.o(.text) for Time_Update
    bsp_led.o(.text) refers to stm32f10x_rcc.o(.text) for RCC_APB2PeriphClockCmd
    bsp_led.o(.text) refers to stm32f10x_gpio.o(.text) for GPIO_Init
    bsp_systick.o(.text) refers to system_stm32f10x.o(.data) for SystemCoreClock
    bsp_systick.o(.text) refers to bsp_systick.o(.data) for TimingDelay
    bsp_usart1.o(.text) refers to stm32f10x_rcc.o(.text) for RCC_APB2PeriphClockCmd
    bsp_usart1.o(.text) refers to stm32f10x_gpio.o(.text) for GPIO_Init
    bsp_usart1.o(.text) refers to stm32f10x_usart.o(.text) for USART_Init
    stm32f10x_adc.o(.text) refers to stm32f10x_rcc.o(.text) for RCC_APB2PeriphResetCmd
    stm32f10x_bkp.o(.text) refers to stm32f10x_rcc.o(.text) for RCC_BackupResetCmd
    stm32f10x_can.o(.text) refers to stm32f10x_rcc.o(.text) for RCC_APB1PeriphResetCmd
    stm32f10x_cec.o(.text) refers to stm32f10x_rcc.o(.text) for RCC_APB1PeriphResetCmd
    stm32f10x_dac.o(.text) refers to stm32f10x_rcc.o(.text) for RCC_APB1PeriphResetCmd
    stm32f10x_gpio.o(.text) refers to stm32f10x_rcc.o(.text) for RCC_APB2PeriphResetCmd
    stm32f10x_i2c.o(.text) refers to stm32f10x_rcc.o(.text) for RCC_APB1PeriphResetCmd
    stm32f10x_pwr.o(.text) refers to stm32f10x_rcc.o(.text) for RCC_APB1PeriphResetCmd
    stm32f10x_rcc.o(.text) refers to stm32f10x_rcc.o(.data) for APBAHBPrescTable
    stm32f10x_spi.o(.text) refers to stm32f10x_rcc.o(.text) for RCC_APB2PeriphResetCmd
    stm32f10x_tim.o(.text) refers to stm32f10x_rcc.o(.text) for RCC_APB2PeriphResetCmd
    stm32f10x_usart.o(.text) refers to stm32f10x_rcc.o(.text) for RCC_APB2PeriphResetCmd
    stm32f10x_wwdg.o(.text) refers to stm32f10x_rcc.o(.text) for RCC_APB1PeriphResetCmd
    system_stm32f10x.o(.text) refers to system_stm32f10x.o(.data) for SystemCoreClock
    enc28j60.o(.text) refers to spi.o(.text) for SPI2_ReadWrite
    enc28j60.o(.text) refers to enc28j60.o(.data) for Enc28j60Bank
    spi.o(.text) refers to stm32f10x_rcc.o(.text) for RCC_APB2PeriphClockCmd
    spi.o(.text) refers to stm32f10x_gpio.o(.text) for GPIO_Init
    spi.o(.text) refers to stm32f10x_spi.o(.text) for SPI_Init
    cmd.o(.text) refers to tcp.o(.text) for tcp_recved
    cmd.o(.text) refers to pbuf.o(.text) for pbuf_free
    cmd.o(.text) refers to strcmp.o(.text) for strcmp
    cmd.o(.text) refers to strcpy.o(.text) for strcpy
    cmd.o(.text) refers to stm32f10x_gpio.o(.text) for GPIO_ResetBits
    cmd.o(.text) refers to tcp_out.o(.text) for tcp_write
    cmd.o(.text) refers to mem.o(.text) for mem_free
    cmd.o(.text) refers to cmd.o(.bss) for r_msg
    cmd.o(.text) refers to ip_addr.o(.constdata) for ip_addr_any
    httpd.o(.text) refers to strncmp.o(.text) for strncmp
    httpd.o(.text) refers to tcp_out.o(.text) for tcp_write
    httpd.o(.text) refers to strstr.o(.text) for strstr
    httpd.o(.text) refers to strchr.o(.text) for strchr
    httpd.o(.text) refers to strcmp.o(.text) for strcmp
    httpd.o(.text) refers to stm32f10x_gpio.o(.text) for GPIO_ResetBits
    httpd.o(.text) refers to pbuf.o(.text) for pbuf_free
    httpd.o(.text) refers to tcp.o(.text) for tcp_close
    httpd.o(.text) refers to httpd.o(.constdata) for http_html_hdr
    httpd.o(.text) refers to ip_addr.o(.constdata) for ip_addr_any
    netconfig.o(.text) refers to init.o(.text) for lwip_init
    netconfig.o(.text) refers to inet.o(.text) for htonl
    netconfig.o(.text) refers to netif.o(.text) for netif_add
    netconfig.o(.text) refers to ethernetif.o(.text) for ethernetif_input
    netconfig.o(.text) refers to tcp.o(.text) for tcp_tmr
    netconfig.o(.text) refers to etharp.o(.text) for etharp_tmr
    netconfig.o(.text) refers to netconfig.o(.bss) for enc28j60
    netconfig.o(.text) refers to main.o(.data) for LocalTime
[...]
    uldiv.o(.text) refers to llushr.o(.text) for __aeabi_llsr
    uldiv.o(.text) refers to llshl.o(.text) for __aeabi_llsl
    dadd.o(.text) refers to llshl.o(.text) for __aeabi_llsl
    dadd.o(.text) refers to llsshr.o(.text) for __aeabi_lasr
    dadd.o(.text) refers to depilogue.o(.text) for _double_epilogue
    dmul.o(.text) refers to depilogue.o(.text) for _double_epilogue
    ddiv.o(.text) refers to depilogue.o(.text) for _double_round
    dfixul.o(.text) refers to llushr.o(.text) for __aeabi_llsr
    dfixul.o(.text) refers to llshl.o(.text) for __aeabi_llsl
    init.o(.text) refers to entry5.o(.ARM.Collect$$$$00000004) for __main_after_scatterload
    depilogue.o(.text) refers to llshl.o(.text) for __aeabi_llsl
    depilogue.o(.text) refers to llushr.o(.text) for __aeabi_llsr


==============================================================================

Removing Unused input sections from the image.

    Removing startup_stm32f10x_hd.o(HEAP), (512 bytes).
    Removing misc.o(.text), (220 bytes).
    Removing stm32f10x_adc.o(.text), (1102 bytes).
    Removing stm32f10x_bkp.o(.text), (196 bytes).
    Removing stm32f10x_can.o(.text), (2540 bytes).
    Removing stm32f10x_cec.o(.text), (288 bytes).
    Removing stm32f10x_crc.o(.text), (72 bytes).
    Removing stm32f10x_dac.o(.text), (396 bytes).
    Removing stm32f10x_dbgmcu.o(.text), (48 bytes).
    Removing stm32f10x_dma.o(.text), (592 bytes).
    Removing stm32f10x_exti.o(.text), (284 bytes).
    Removing stm32f10x_flash.o(.text), (1468 bytes).
    Removing stm32f10x_fsmc.o(.text), (1560 bytes).
    Removing stm32f10x_i2c.o(.text), (1028 bytes).
    Removing stm32f10x_iwdg.o(.text), (64 bytes).
    Removing stm32f10x_pwr.o(.text), (204 bytes).
    Removing stm32f10x_rtc.o(.text), (324 bytes).
    Removing stm32f10x_sdio.o(.text), (472 bytes).
    Removing stm32f10x_tim.o(.text), (3610 bytes).
    Removing stm32f10x_wwdg.o(.text), (136 bytes).
    Removing core_cm3.o(.emb_text), (32 bytes).
    Removing err.o(.text), (16 bytes).
    Removing err.o(.conststring), (251 bytes).
    Removing err.o(.data), (60 bytes).
    Removing memp.o(.conststring), (90 bytes).
    Removing memp.o(.data), (36 bytes).

26 unused section(s) (total 15601 bytes) removed from the image.

==============================================================================

Image Symbol Table

    Local Symbols

    Symbol Name                              Value     Ov Type        Size  Object(Section)

    ../clib/microlib/division.c              0x00000000   Number         0  uidiv.o ABSOLUTE
    ../clib/microlib/division.c              0x00000000   Number         0  uldiv.o ABSOLUTE
    ../clib/microlib/init/entry.s            0x00000000   Number         0  entry9b.o ABSOLUTE
    ../clib/microlib/init/entry.s            0x00000000   Number         0  entry.o ABSOLUTE
    ../clib/microlib/init/entry.s            0x00000000   Number         0  entry2.o ABSOLUTE
    ../clib/microlib/init/entry.s            0x00000000   Number         0  entry5.o ABSOLUTE
    ../clib/microlib/init/entry.s            0x00000000   Number         0  entry7a.o ABSOLUTE
    ../clib/microlib/init/entry.s            0x00000000   Number         0  entry7b.o ABSOLUTE
    ../clib/microlib/init/entry.s            0x00000000   Number         0  entry8a.o ABSOLUTE
    ../clib/microlib/init/entry.s            0x00000000   Number         0  entry8b.o ABSOLUTE
    ../clib/microlib/init/entry.s            0x00000000   Number         0  entry9a.o ABSOLUTE
    ../clib/microlib/init/entry.s            0x00000000   Number         0  entry10a.o ABSOLUTE
    ../clib/microlib/init/entry.s            0x00000000   Number         0  entry10b.o ABSOLUTE
    ../clib/microlib/init/entry.s            0x00000000   Number         0  entry11a.o ABSOLUTE
    ../clib/microlib/init/entry.s            0x00000000   Number         0  entry11b.o ABSOLUTE
    ../clib/microlib/longlong.c              0x00000000   Number         0  llsshr.o ABSOLUTE
    ../clib/microlib/longlong.c              0x00000000   Number         0  llushr.o ABSOLUTE
    ../clib/microlib/longlong.c              0x00000000   Number         0  llshl.o ABSOLUTE
    ../clib/microlib/printf/printf.c         0x00000000   Number         0  printfb.o ABSOLUTE
    ../clib/microlib/printf/printf.c         0x00000000   Number         0  printf0.o ABSOLUTE
    ../clib/microlib/printf/printf.c         0x00000000   Number         0  printf1.o ABSOLUTE
    ../clib/microlib/printf/printf.c         0x00000000   Number         0  printf2.o ABSOLUTE
    ../clib/microlib/printf/printf.c         0x00000000   Number         0  printf8.o ABSOLUTE
    ../clib/microlib/printf/printf.c         0x00000000   Number         0  printf3.o ABSOLUTE
    ../clib/microlib/printf/printf.c         0x00000000   Number         0  printf4.o ABSOLUTE
    ../clib/microlib/printf/printf.c         0x00000000   Number         0  printf5.o ABSOLUTE
    ../clib/microlib/printf/printf.c         0x00000000   Number         0  printf6.o ABSOLUTE
    ../clib/microlib/printf/printf.c         0x00000000   Number         0  printf7.o ABSOLUTE
    ../clib/microlib/printf/printf.c         0x00000000   Number         0  printfa.o ABSOLUTE
    ../clib/microlib/printf/stubs.s          0x00000000   Number         0  stubs.o ABSOLUTE
    ../clib/microlib/stdio/streams.c         0x00000000   Number         0  stdout.o ABSOLUTE
    ../clib/microlib/string/memcpy.c         0x00000000   Number         0  memcpyb.o ABSOLUTE
    ../clib/microlib/string/memcpy.c         0x00000000   Number         0  memcpya.o ABSOLUTE
    ../clib/microlib/string/memset.c         0x00000000   Number         0  memseta.o ABSOLUTE
    ../clib/microlib/string/strchr.c         0x00000000   Number         0  strchr.o ABSOLUTE
    ../clib/microlib/string/strcmp.c         0x00000000   Number         0  strcmp.o ABSOLUTE
    ../clib/microlib/string/strcpy.c         0x00000000   Number         0  strcpy.o ABSOLUTE
    ../clib/microlib/string/strncmp.c        0x00000000   Number         0  strncmp.o ABSOLUTE
    ../clib/microlib/string/strstr.c         0x00000000   Number         0  strstr.o ABSOLUTE
    ../clib/microlib/stubs.s                 0x00000000   Number         0  iusefp.o ABSOLUTE
    ../fplib/microlib/fpadd.c                0x00000000   Number         0  dadd.o ABSOLUTE
    ../fplib/microlib/fpdiv.c                0x00000000   Number         0  ddiv.o ABSOLUTE
    ../fplib/microlib/fpepilogue.c           0x00000000   Number         0  depilogue.o ABSOLUTE
    ../fplib/microlib/fpfix.c                0x00000000   Number         0  dfixul.o ABSOLUTE
    ../fplib/microlib/fpmul.c                0x00000000   Number         0  dmul.o ABSOLUTE
    ..\..\LWIP\lwip-1.3.2\src\api\api_lib.c  0x00000000   Number         0  api_lib.o ABSOLUTE
    ..\..\LWIP\lwip-1.3.2\src\api\api_msg.c  0x00000000   Number         0  api_msg.o ABSOLUTE
    ..\..\LWIP\lwip-1.3.2\src\api\err.c      0x00000000   Number         0  err.o ABSOLUTE
    ..\..\LWIP\lwip-1.3.2\src\api\netbuf.c   0x00000000   Number         0  netbuf.o ABSOLUTE
    ..\..\LWIP\lwip-1.3.2\src\api\netdb.c    0x00000000   Number         0  netdb.o ABSOLUTE
    ..\..\LWIP\lwip-1.3.2\src\api\netifapi.c 0x00000000   Number         0  netifapi.o ABSOLUTE
    ..\..\LWIP\lwip-1.3.2\src\api\sockets.c  0x00000000   Number         0  sockets.o ABSOLUTE
    ..\..\LWIP\lwip-1.3.2\src\api\tcpip.c    0x00000000   Number         0  tcpip.o ABSOLUTE
    ..\..\LWIP\lwip-1.3.2\src\core\dhcp.c    0x00000000   Number         0  dhcp.o ABSOLUTE
    ..\..\LWIP\lwip-1.3.2\src\core\dns.c     0x00000000   Number         0  dns.o ABSOLUTE
    ..\..\LWIP\lwip-1.3.2\src\core\init.c    0x00000000   Number         0  init.o ABSOLUTE
    ..\..\LWIP\lwip-1.3.2\src\core\ipv4\autoip.c 0x00000000   Number         0  autoip.o ABSOLUTE
    ..\..\LWIP\lwip-1.3.2\src\core\ipv4\icmp.c 0x00000000   Number         0  icmp.o ABSOLUTE
    ..\..\LWIP\lwip-1.3.2\src\core\ipv4\igmp.c 0x00000000   Number         0  igmp.o ABSOLUTE
    ..\..\LWIP\lwip-1.3.2\src\core\ipv4\inet.c 0x00000000   Number         0  inet.o ABSOLUTE
    ..\..\LWIP\lwip-1.3.2\src\core\ipv4\inet_chksum.c 0x00000000   Number         0  inet_chksum.o ABSOLUTE
    ..\..\LWIP\lwip-1.3.2\src\core\ipv4\ip.c 0x00000000   Number         0  ip.o ABSOLUTE
    ..\..\LWIP\lwip-1.3.2\src\core\ipv4\ip_addr.c 0x00000000   Number         0  ip_addr.o ABSOLUTE
    ..\..\LWIP\lwip-1.3.2\src\core\ipv4\ip_frag.c 0x00000000   Number         0  ip_frag.o ABSOLUTE
    ..\..\LWIP\lwip-1.3.2\src\core\mem.c     0x00000000   Number         0  mem.o ABSOLUTE
    ..\..\LWIP\lwip-1.3.2\src\core\memp.c    0x00000000   Number         0  memp.o ABSOLUTE
    ..\..\LWIP\lwip-1.3.2\src\core\netif.c   0x00000000   Number         0  netif.o ABSOLUTE
    ..\..\LWIP\lwip-1.3.2\src\core\pbuf.c    0x00000000   Number         0  pbuf.o ABSOLUTE
    ..\..\LWIP\lwip-1.3.2\src\core\raw.c     0x00000000   Number         0  raw.o ABSOLUTE
    ..\..\LWIP\lwip-1.3.2\src\core\snmp\asn1_dec.c 0x00000000   Number         0  asn1_dec.o ABSOLUTE
    ..\..\LWIP\lwip-1.3.2\src\core\snmp\asn1_enc.c 0x00000000   Number         0  asn1_enc.o ABSOLUTE
    ..\..\LWIP\lwip-1.3.2\src\core\snmp\mib2.c 0x00000000   Number         0  mib2.o ABSOLUTE
    ..\..\LWIP\lwip-1.3.2\src\core\snmp\mib_structs.c 0x00000000   Number         0  mib_structs.o ABSOLUTE
    ..\..\LWIP\lwip-1.3.2\src\core\snmp\msg_in.c 0x00000000   Number         0  msg_in.o ABSOLUTE
    ..\..\LWIP\lwip-1.3.2\src\core\snmp\msg_out.c 0x00000000   Number         0  msg_out.o ABSOLUTE
    ..\..\LWIP\lwip-1.3.2\src\core\stats.c   0x00000000   Number         0  stats.o ABSOLUTE
    ..\..\LWIP\lwip-1.3.2\src\core\sys.c     0x00000000   Number         0  sys.o ABSOLUTE
    ..\..\LWIP\lwip-1.3.2\src\core\tcp.c     0x00000000   Number         0  tcp.o ABSOLUTE
    ..\..\LWIP\lwip-1.3.2\src\core\tcp_in.c  0x00000000   Number         0  tcp_in.o ABSOLUTE
    ..\..\LWIP\lwip-1.3.2\src\core\tcp_out.c 0x00000000   Number         0  tcp_out.o ABSOLUTE
    ..\..\LWIP\lwip-1.3.2\src\core\udp.c     0x00000000   Number         0  udp.o ABSOLUTE
    ..\..\LWIP\lwip-1.3.2\src\netif\etharp.c 0x00000000   Number         0  etharp.o ABSOLUTE
    ..\..\LWIP\lwip-1.3.2\src\netif\ethernetif.c 0x00000000   Number         0  ethernetif.o ABSOLUTE
    ..\..\LWIP\lwip-1.3.2\src\netif\loopif.c 0x00000000   Number         0  loopif.o ABSOLUTE
    ..\..\LWIP\lwip-1.3.2\src\netif\slipif.c 0x00000000   Number         0  slipif.o ABSOLUTE
    ..\..\Libraries\CMSIS\core_cm3.c         0x00000000   Number         0  core_cm3.o ABSOLUTE
    ..\..\Libraries\CMSIS\startup\startup_stm32f10x_hd.s 0x00000000   Number         0  startup_stm32f10x_hd.o ABSOLUTE
    ..\..\Libraries\CMSIS\system_stm32f10x.c 0x00000000   Number         0  system_stm32f10x.o ABSOLUTE
    ..\..\Libraries\FWlib\src\misc.c         0x00000000   Number         0  misc.o ABSOLUTE
    ..\..\Libraries\FWlib\src\stm32f10x_adc.c 0x00000000   Number         0  stm32f10x_adc.o ABSOLUTE
    ..\..\Libraries\FWlib\src\stm32f10x_bkp.c 0x00000000   Number         0  stm32f10x_bkp.o ABSOLUTE
    ..\..\Libraries\FWlib\src\stm32f10x_can.c 0x00000000   Number         0  stm32f10x_can.o ABSOLUTE
    ..\..\Libraries\FWlib\src\stm32f10x_cec.c 0x00000000   Number         0  stm32f10x_cec.o ABSOLUTE
    ..\..\Libraries\FWlib\src\stm32f10x_crc.c 0x00000000   Number         0  stm32f10x_crc.o ABSOLUTE
    ..\..\Libraries\FWlib\src\stm32f10x_dac.c 0x00000000   Number         0  stm32f10x_dac.o ABSOLUTE
    ..\..\Libraries\FWlib\src\stm32f10x_dbgmcu.c 0x00000000   Number         0  stm32f10x_dbgmcu.o ABSOLUTE
    ..\..\Libraries\FWlib\src\stm32f10x_dma.c 0x00000000   Number         0  stm32f10x_dma.o ABSOLUTE
    ..\..\Libraries\FWlib\src\stm32f10x_exti.c 0x00000000   Number         0  stm32f10x_exti.o ABSOLUTE
    ..\..\Libraries\FWlib\src\stm32f10x_flash.c 0x00000000   Number         0  stm32f10x_flash.o ABSOLUTE
    ..\..\Libraries\FWlib\src\stm32f10x_fsmc.c 0x00000000   Number         0  stm32f10x_fsmc.o ABSOLUTE
    ..\..\Libraries\FWlib\src\stm32f10x_gpio.c 0x00000000   Number         0  stm32f10x_gpio.o ABSOLUTE
    ..\..\Libraries\FWlib\src\stm32f10x_i2c.c 0x00000000   Number         0  stm32f10x_i2c.o ABSOLUTE
    ..\..\Libraries\FWlib\src\stm32f10x_iwdg.c 0x00000000   Number         0  stm32f10x_iwdg.o ABSOLUTE
    ..\..\Libraries\FWlib\src\stm32f10x_pwr.c 0x00000000   Number         0  stm32f10x_pwr.o ABSOLUTE
    ..\..\Libraries\FWlib\src\stm32f10x_rcc.c 0x00000000   Number         0  stm32f10x_rcc.o ABSOLUTE
    ..\..\Libraries\FWlib\src\stm32f10x_rtc.c 0x00000000   Number         0  stm32f10x_rtc.o ABSOLUTE
    ..\..\Libraries\FWlib\src\stm32f10x_sdio.c 0x00000000   Number         0  stm32f10x_sdio.o ABSOLUTE
    ..\..\Libraries\FWlib\src\stm32f10x_spi.c 0x00000000   Number         0  stm32f10x_spi.o ABSOLUTE
    ..\..\Libraries\FWlib\src\stm32f10x_tim.c 0x00000000   Number         0  stm32f10x_tim.o ABSOLUTE
    ..\..\Libraries\FWlib\src\stm32f10x_usart.c 0x00000000   Number         0  stm32f10x_usart.o ABSOLUTE
    ..\..\Libraries\FWlib\src\stm32f10x_wwdg.c 0x00000000   Number         0  stm32f10x_wwdg.o ABSOLUTE
    ..\..\User\app\cmd.c                     0x00000000   Number         0  cmd.o ABSOLUTE
    ..\..\User\app\httpd.c                   0x00000000   Number         0  httpd.o ABSOLUTE
    ..\..\User\app\netconfig.c               0x00000000   Number         0  netconfig.o ABSOLUTE
    ..\..\User\enc28j60\ENC28J60.C           0x00000000   Number         0  enc28j60.o ABSOLUTE
    ..\..\User\enc28j60\SPI.C                0x00000000   Number         0  spi.o ABSOLUTE
    ..\..\User\led\bsp_led.c                 0x00000000   Number         0  bsp_led.o ABSOLUTE
    ..\..\User\main.c                        0x00000000   Number         0  main.o ABSOLUTE
    ..\..\User\stm32f10x_it.c                0x00000000   Number         0  stm32f10x_it.o ABSOLUTE
    ..\..\User\systick\bsp_SysTick.c         0x00000000   Number         0  bsp_systick.o ABSOLUTE
    ..\..\User\usart1\bsp_usart1.c           0x00000000   Number         0  bsp_usart1.o ABSOLUTE
    ..\\..\\Libraries\\CMSIS\\core_cm3.c     0x00000000   Number         0  core_cm3.o ABSOLUTE
    cdrcmple.s                               0x00000000   Number         0  cdrcmple.o ABSOLUTE
    dc.s                                     0x00000000   Number         0  dc.o ABSOLUTE
    handlers.s                               0x00000000   Number         0  handlers.o ABSOLUTE
    init.s                                   0x00000000   Number         0  init.o ABSOLUTE
    RESET                                    0x08000000   Section      304  startup_stm32f10x_hd.o(RESET)
    .ARM.Collect$$$$00000000                 0x08000130   Section        0  entry.o(.ARM.Collect$$$$00000000)
    .ARM.Collect$$$$00000001                 0x08000130   Section        4  entry2.o(.ARM.Collect$$$$00000001)
    .ARM.Collect$$$$00000004                 0x08000134   Section        4  entry5.o(.ARM.Collect$$$$00000004)
    .ARM.Collect$$$$00000008                 0x08000138   Section        0  entry7b.o(.ARM.Collect$$$$00000008)
    .ARM.Collect$$$$0000000A                 0x08000138   Section        0  entry8b.o(.ARM.Collect$$$$0000000A)
    .ARM.Collect$$$$0000000B                 0x08000138   Section        8  entry9a.o(.ARM.Collect$$$$0000000B)
    .ARM.Collect$$$$0000000D                 0x08000140   Section        0  entry10a.o(.ARM.Collect$$$$0000000D)
    .ARM.Collect$$$$0000000F                 0x08000140   Section        0  entry11a.o(.ARM.Collect$$$$0000000F)
    .ARM.Collect$$$$00002712                 0x08000140   Section        4  entry2.o(.ARM.Collect$$$$00002712)
    __lit__00000000                          0x08000140   Data           4  entry2.o(.ARM.Collect$$$$00002712)
    .text                                    0x08000144   Section       36  startup_stm32f10x_hd.o(.text)
    .text                                    0x08000168   Section        0  main.o(.text)
    .text                                    0x080001dc   Section        0  stm32f10x_it.o(.text)
    .text                                    0x08000224   Section        0  bsp_led.o(.text)
    .text                                    0x08000270   Section        0  bsp_systick.o(.text)
    .text                                    0x08000310   Section        0  bsp_usart1.o(.text)
    .text                                    0x080003c4   Section        0  stm32f10x_gpio.o(.text)
    .text                                    0x0800071c   Section        0  stm32f10x_rcc.o(.text)
    .text                                    0x08000ac0   Section        0  stm32f10x_spi.o(.text)
    .text                                    0x08000dcc   Section        0  stm32f10x_usart.o(.text)
    .text                                    0x080011d4   Section        0  system_stm32f10x.o(.text)
    SetSysClockTo72                          0x080011d5   Thumb Code   212  system_stm32f10x.o(.text)
    SetSysClock                              0x080012a9   Thumb Code     8  system_stm32f10x.o(.text)
    .text                                    0x080013b0   Section        0  enc28j60.o(.text)
    .text                                    0x080017b8   Section        0  spi.o(.text)
    .text                                    0x08001890   Section        0  cmd.o(.text)
    CMD_recv                                 0x08001891   Thumb Code   518  cmd.o(.text)
    CMD_conn_err                             0x08001a97   Thumb Code    16  cmd.o(.text)
    CMD_accept                               0x08001aa7   Thumb Code    62  cmd.o(.text)
    .text                                    0x08001c28   Section        0  httpd.o(.text)
    http_recv                                0x08001c29   Thumb Code   350  httpd.o(.text)
    http_accept                              0x08001d87   Thumb Code    28  httpd.o(.text)
    .text                                    0x08001e48   Section        0  netconfig.o(.text)
    .text                                    0x08001f08   Section        0  init.o(.text)
    lwip_sanity_check                        0x08001f09   Thumb Code     2  init.o(.text)
    .text                                    0x08001f1c   Section        0  mem.o(.text)
    plug_holes                               0x08001f1d   Thumb Code   220  mem.o(.text)
    .text                                    0x080026ac   Section        0  memp.o(.text)
    .text                                    0x0800291c   Section        0  netif.o(.text)
    .text                                    0x08002b60   Section        0  pbuf.o(.text)
    .text                                    0x080039c8   Section        0  raw.o(.text)
    .text                                    0x08003c04   Section        0  tcp.o(.text)
    tcp_new_port                             0x08004667   Thumb Code   104  tcp.o(.text)
    tcp_accept_null                          0x080047cf   Thumb Code     8  tcp.o(.text)
    tcp_kill_prio                            0x08004a1b   Thumb Code   252  tcp.o(.text)
    tcp_kill_timewait                        0x08004b17   Thumb Code    56  tcp.o(.text)
    .text                                    0x08004c84   Section        0  tcp_in.o(.text)
    tcp_receive                              0x08004c85   Thumb Code  2112  tcp_in.o(.text)
    tcp_parseopt                             0x080054c5   Thumb Code   388  tcp_in.o(.text)
    tcp_process                              0x08005649   Thumb Code  1578  tcp_in.o(.text)
    tcp_listen_input                         0x08005c73   Thumb Code   300  tcp_in.o(.text)
    tcp_timewait_input                       0x08005d9f   Thumb Code   150  tcp_in.o(.text)
    .text                                    0x08006590   Section        0  tcp_out.o(.text)
    tcp_output_set_header                    0x08006591   Thumb Code   138  tcp_out.o(.text)
    tcp_output_segment                       0x08006deb   Thumb Code   234  tcp_out.o(.text)
    .text                                    0x08007508   Section        0  udp.o(.text)
    .text                                    0x08007b60   Section        0  icmp.o(.text)
    icmp_send_response                       0x08007e21   Thumb Code   170  icmp.o(.text)
    .text                                    0x08008060   Section        0  inet.o(.text)
    .text                                    0x08008280   Section        0  inet_chksum.o(.text)
    lwip_standard_chksum                     0x08008281   Thumb Code    74  inet_chksum.o(.text)
    .text                                    0x080083e0   Section        0  ip.o(.text)
    .text                                    0x080088e8   Section        0  ip_addr.o(.text)
    .text                                    0x08008938   Section        0  ip_frag.o(.text)
    ip_reass_dequeue_datagram                0x08008939   Thumb Code    62  ip_frag.o(.text)
    ip_reass_free_complete_datagram          0x08008977   Thumb Code   204  ip_frag.o(.text)
    ip_reass_remove_oldest_datagram          0x08008a7b   Thumb Code   118  ip_frag.o(.text)
    ip_reass_enqueue_new_datagram            0x08008af1   Thumb Code    96  ip_frag.o(.text)
    ip_reass_chain_frag_into_datagram_and_validate 0x08008b51   Thumb Code   846  ip_frag.o(.text)
    .text                                    0x08009224   Section        0  etharp.o(.text)
    free_etharp_q                            0x08009225   Thumb Code   100  etharp.o(.text)
    find_entry                               0x0800932f   Thumb Code   574  etharp.o(.text)
    etharp_send_ip                           0x0800956d   Thumb Code   284  etharp.o(.text)
    update_arp_entry                         0x08009689   Thumb Code   278  etharp.o(.text)
    etharp_raw                               0x08009a0d   Thumb Code   392  etharp.o(.text)
    .text                                    0x08009fb4   Section        0  ethernetif.o(.text)
    low_level_init                           0x08009fb5   Thumb Code    86  ethernetif.o(.text)
    low_level_output                         0x0800a00b   Thumb Code    52  ethernetif.o(.text)
    low_level_input                          0x0800a03f   Thumb Code    86  ethernetif.o(.text)
    .text                                    0x0800a118   Section        0  memcpya.o(.text)
    .text                                    0x0800a13c   Section        0  memseta.o(.text)
    .text                                    0x0800a160   Section        0  strstr.o(.text)
    .text                                    0x0800a184   Section        0  strchr.o(.text)
    .text                                    0x0800a198   Section        0  strcmp.o(.text)
    .text                                    0x0800a1b4   Section        0  strcpy.o(.text)
    .text                                    0x0800a1c6   Section        0  strncmp.o(.text)
    .text                                    0x0800a1e4   Section        0  uidiv.o(.text)
    .text                                    0x0800a210   Section        0  uldiv.o(.text)
    .text                                    0x0800a272   Section        0  dadd.o(.text)
    .text                                    0x0800a272   Section        0  iusefp.o(.text)
    .text                                    0x0800a3c0   Section        0  dmul.o(.text)
    .text                                    0x0800a4a4   Section        0  ddiv.o(.text)
    .text                                    0x0800a582   Section        0  dfixul.o(.text)
    .text                                    0x0800a5b4   Section       40  cdrcmple.o(.text)
    .text                                    0x0800a5dc   Section       36  init.o(.text)
    .text                                    0x0800a600   Section        0  llshl.o(.text)
    .text                                    0x0800a61e   Section        0  llushr.o(.text)
    .text                                    0x0800a63e   Section        0  llsshr.o(.text)
    .text                                    0x0800a662   Section        0  depilogue.o(.text)
    i.__0printf                              0x0800a720   Section        0  printfa.o(i.__0printf)
    i.__scatterload_copy                     0x0800a740   Section       14  handlers.o(i.__scatterload_copy)
    i.__scatterload_null                     0x0800a74e   Section        2  handlers.o(i.__scatterload_null)
    i.__scatterload_zeroinit                 0x0800a750   Section       14  handlers.o(i.__scatterload_zeroinit)
    i._fp_digits                             0x0800a760   Section        0  printfa.o(i._fp_digits)
    _fp_digits                               0x0800a761   Thumb Code   326  printfa.o(i._fp_digits)
    i._printf_core                           0x0800a8bc   Section        0  printfa.o(i._printf_core)
    _printf_core                             0x0800a8bd   Thumb Code  1762  printfa.o(i._printf_core)
    i._printf_post_padding                   0x0800afac   Section        0  printfa.o(i._printf_post_padding)
    _printf_post_padding                     0x0800afad   Thumb Code    38  printfa.o(i._printf_post_padding)
    i._printf_pre_padding                    0x0800afd2   Section        0  printfa.o(i._printf_pre_padding)
    _printf_pre_padding                      0x0800afd3   Thumb Code    48  printfa.o(i._printf_pre_padding)
    .constdata                               0x0800b002   Section     2309  httpd.o(.constdata)
    http_html_hdr                            0x0800b002   Data          45  httpd.o(.constdata)
    login                                    0x0800b02f   Data         584  httpd.o(.constdata)
    led_ctrl_on                              0x0800b277   Data         831  httpd.o(.constdata)
    led_ctrl_off                             0x0800b5b6   Data         849  httpd.o(.constdata)
    .constdata                               0x0800b908   Section       36  memp.o(.constdata)
    memp_sizes                               0x0800b908   Data          18  memp.o(.constdata)
    memp_num                                 0x0800b91a   Data          18  memp.o(.constdata)
    .constdata                               0x0800b92c   Section       20  tcp.o(.constdata)
    .constdata                               0x0800b940   Section       81  tcp_out.o(.constdata)
    .constdata                               0x0800b991   Section        8  ip_addr.o(.constdata)
    .constdata                               0x0800b99c   Section       80  etharp.o(.constdata)
    .conststring                             0x0800b9ec   Section      104  tcp.o(.conststring)
    .data                                    0x20000000   Section        4  main.o(.data)
    .data                                    0x20000004   Section        4  bsp_systick.o(.data)
    TimingDelay                              0x20000004   Data           4  bsp_systick.o(.data)
    .data                                    0x20000008   Section       20  stm32f10x_rcc.o(.data)
    APBAHBPrescTable                         0x20000008   Data          16  stm32f10x_rcc.o(.data)
    ADCPrescTable                            0x20000018   Data           4  stm32f10x_rcc.o(.data)
    .data                                    0x2000001c   Section       20  system_stm32f10x.o(.data)
    .data                                    0x20000030   Section        4  enc28j60.o(.data)
    Enc28j60Bank                             0x20000030   Data           1  enc28j60.o(.data)
    NextPacketPtr                            0x20000032   Data           2  enc28j60.o(.data)
    .data                                    0x20000034   Section       26  netconfig.o(.data)
    .data                                    0x20000050   Section       13  mem.o(.data)
    ram                                      0x20000050   Data           4  mem.o(.data)
    ram_end                                  0x20000054   Data           4  mem.o(.data)
    lfree                                    0x20000058   Data           4  mem.o(.data)
    mem_sem                                  0x2000005c   Data           1  mem.o(.data)
    .data                                    0x20000060   Section       12  netif.o(.data)
    netifnum                                 0x20000060   Data           1  netif.o(.data)
    .data                                    0x2000006c   Section        4  raw.o(.data)
    raw_pcbs                                 0x2000006c   Data           4  raw.o(.data)
    .data                                    0x20000070   Section       77  tcp.o(.data)
    port                                     0x2000009c   Data           2  tcp.o(.data)
    iss                                      0x200000a0   Data           4  tcp.o(.data)
    tcp_timer                                0x200000bc   Data           1  tcp.o(.data)
    .data                                    0x200000c0   Section       32  tcp_in.o(.data)
    tcphdr                                   0x200000c0   Data           4  tcp_in.o(.data)
    iphdr                                    0x200000c4   Data           4  tcp_in.o(.data)
    seqno                                    0x200000c8   Data           4  tcp_in.o(.data)
    ackno                                    0x200000cc   Data           4  tcp_in.o(.data)
    flags                                    0x200000d0   Data           1  tcp_in.o(.data)
    tcplen                                   0x200000d2   Data           2  tcp_in.o(.data)
    recv_flags                               0x200000d4   Data           1  tcp_in.o(.data)
    recv_data                                0x200000d8   Data           4  tcp_in.o(.data)
    .data                                    0x200000e0   Section        4  udp.o(.data)
    .data                                    0x200000e4   Section       12  ip.o(.data)
    ip_id                                    0x200000e4   Data           2  ip.o(.data)
    .data                                    0x200000f0   Section        6  ip_frag.o(.data)
    reassdatagrams                           0x200000f0   Data           4  ip_frag.o(.data)
    ip_reass_pbufcount                       0x200000f4   Data           2  ip_frag.o(.data)
    .data                                    0x200000f6   Section        1  etharp.o(.data)
    etharp_cached_entry                      0x200000f6   Data           1  etharp.o(.data)
    .data                                    0x200000f8   Section        4  stdout.o(.data)
    .bss                                     0x200000fc   Section       45  cmd.o(.bss)
    .bss                                     0x2000012c   Section       48  netconfig.o(.bss)
    .bss                                     0x2000015c   Section     4116  mem.o(.bss)
    ram_heap                                 0x2000015c   Data        4116  mem.o(.bss)
    .bss                                     0x20001170   Section    18095  memp.o(.bss)
    memp_tab                                 0x20001170   Data          36  memp.o(.bss)
    memp_memory                              0x20001194   Data       18059  memp.o(.bss)
    .bss                                     0x20005820   Section      268  stats.o(.bss)
    .bss                                     0x2000592c   Section       20  tcp_in.o(.bss)
    inseg                                    0x2000592c   Data          20  tcp_in.o(.bss)
    .bss                                     0x20005940   Section       16  inet.o(.bss)
    str                                      0x20005940   Data          16  inet.o(.bss)
    .bss                                     0x20005950   Section     1504  ip_frag.o(.bss)
    buf                                      0x20005950   Data        1504  ip_frag.o(.bss)
    .bss                                     0x20005f30   Section      200  etharp.o(.bss)
    arp_table                                0x20005f30   Data         200  etharp.o(.bss)
    .bss                                     0x20005ff8   Section     9081  ethernetif.o(.bss)
    STACK                                    0x20008378   Section     1024  startup_stm32f10x_hd.o(STACK)

    Global Symbols

    Symbol Name                              Value     Ov Type        Size  Object(Section)

    BuildAttributes$$THM_ISAv4$P$D$K$B$S$PE$A:L22UL41UL21$X:L11$S22US41US21$IEEE1$IW$USESV6$~STKCKD$USESV7$~SHL$OSPACE$ROPI$EBA8$MICROLIB$REQ8$PRES8$EABIv2 0x00000000   Number         0  anon$$obj.o ABSOLUTE
    __ARM_use_no_argv                        0x00000000   Number         0  main.o ABSOLUTE
    _printf_a                                0x00000000   Number         0  stubs.o ABSOLUTE
    _printf_c                                0x00000000   Number         0  stubs.o ABSOLUTE
    _printf_charcount                        0x00000000   Number         0  stubs.o ABSOLUTE
    _printf_d                                0x00000000   Number         0  stubs.o ABSOLUTE
    _printf_e                                0x00000000   Number         0  stubs.o ABSOLUTE
    _printf_f                                0x00000000   Number         0  stubs.o ABSOLUTE
    _printf_flags                            0x00000000   Number         0  stubs.o ABSOLUTE
    _printf_fp_dec                           0x00000000   Number         0  stubs.o ABSOLUTE
    _printf_fp_hex                           0x00000000   Number         0  stubs.o ABSOLUTE
    _printf_g                                0x00000000   Number         0  stubs.o ABSOLUTE
    _printf_i                                0x00000000   Number         0  stubs.o ABSOLUTE
    _printf_int_dec                          0x00000000   Number         0  stubs.o ABSOLUTE
    _printf_l                                0x00000000   Number         0  stubs.o ABSOLUTE
    _printf_lc                               0x00000000   Number         0  stubs.o ABSOLUTE
    _printf_ll                               0x00000000   Number         0  stubs.o ABSOLUTE
    _printf_lld                              0x00000000   Number         0  stubs.o ABSOLUTE
    _printf_lli                              0x00000000   Number         0  stubs.o ABSOLUTE
    _printf_llo                              0x00000000   Number         0  stubs.o ABSOLUTE
    _printf_llu                              0x00000000   Number         0  stubs.o ABSOLUTE
    _printf_llx                              0x00000000   Number         0  stubs.o ABSOLUTE
    _printf_longlong_dec                     0x00000000   Number         0  stubs.o ABSOLUTE
    _printf_longlong_hex                     0x00000000   Number         0  stubs.o ABSOLUTE
    _printf_longlong_oct                     0x00000000   Number         0  stubs.o ABSOLUTE
    _printf_ls                               0x00000000   Number         0  stubs.o ABSOLUTE
    _printf_mbtowc                           0x00000000   Number         0  stubs.o ABSOLUTE
    _printf_n                                0x00000000   Number         0  stubs.o ABSOLUTE
    _printf_o                                0x00000000   Number         0  stubs.o ABSOLUTE
    _printf_p                                0x00000000   Number         0  stubs.o ABSOLUTE
    _printf_percent                          0x00000000   Number         0  stubs.o ABSOLUTE
    _printf_pre_padding                      0x00000000   Number         0  stubs.o ABSOLUTE
    _printf_return_value                     0x00000000   Number         0  stubs.o ABSOLUTE
    _printf_s                                0x00000000   Number         0  stubs.o ABSOLUTE
    _printf_sizespec                         0x00000000   Number         0  stubs.o ABSOLUTE
    _printf_str                              0x00000000   Number         0  stubs.o ABSOLUTE
    _printf_truncate_signed                  0x00000000   Number         0  stubs.o ABSOLUTE
    _printf_truncate_unsigned                0x00000000   Number         0  stubs.o ABSOLUTE
    _printf_u                                0x00000000   Number         0  stubs.o ABSOLUTE
    _printf_wc                               0x00000000   Number         0  stubs.o ABSOLUTE
    _printf_wctomb                           0x00000000   Number         0  stubs.o ABSOLUTE
    _printf_widthprec                        0x00000000   Number         0  stubs.o ABSOLUTE
    _printf_x                                0x00000000   Number         0  stubs.o ABSOLUTE
    __cpp_initialize__aeabi_                  - Undefined Weak Reference
    __cxa_finalize                            - Undefined Weak Reference
    __decompress                              - Undefined Weak Reference
    _clock_init                               - Undefined Weak Reference
    _microlib_exit                            - Undefined Weak Reference
    __Vectors_Size                           0x00000130   Number         0  startup_stm32f10x_hd.o ABSOLUTE
    __Vectors                                0x08000000   Data           4  startup_stm32f10x_hd.o(RESET)
    __Vectors_End                            0x08000130   Data           0  startup_stm32f10x_hd.o(RESET)
    __main                                   0x08000131   Thumb Code     0  entry.o(.ARM.Collect$$$$00000000)
    _main_stk                                0x08000131   Thumb Code     0  entry2.o(.ARM.Collect$$$$00000001)
    _main_scatterload                        0x08000135   Thumb Code     0  entry5.o(.ARM.Collect$$$$00000004)
    __main_after_scatterload                 0x08000139   Thumb Code     0  entry5.o(.ARM.Collect$$$$00000004)
    _main_clock                              0x08000139   Thumb Code     0  entry7b.o(.ARM.Collect$$$$00000008)
    _main_cpp_init                           0x08000139   Thumb Code     0  entry8b.o(.ARM.Collect$$$$0000000A)
    _main_init                               0x08000139   Thumb Code     0  entry9a.o(.ARM.Collect$$$$0000000B)
    __rt_final_cpp                           0x08000141   Thumb Code     0  entry10a.o(.ARM.Collect$$$$0000000D)
    __rt_final_exit                          0x08000141   Thumb Code     0  entry11a.o(.ARM.Collect$$$$0000000F)
    Reset_Handler                            0x08000145   Thumb Code     8  startup_stm32f10x_hd.o(.text)
    ADC1_2_IRQHandler                        0x0800015f   Thumb Code     0  startup_stm32f10x_hd.o(.text)
    ADC3_IRQHandler                          0x0800015f   Thumb Code     0  startup_stm32f10x_hd.o(.text)
    CAN1_RX1_IRQHandler                      0x0800015f   Thumb Code     0  startup_stm32f10x_hd.o(.text)
    CAN1_SCE_IRQHandler                      0x0800015f   Thumb Code     0  startup_stm32f10x_hd.o(.text)
    DMA1_Channel1_IRQHandler                 0x0800015f   Thumb Code     0  startup_stm32f10x_hd.o(.text)
    DMA1_Channel2_IRQHandler                 0x0800015f   Thumb Code     0  startup_stm32f10x_hd.o(.text)
    DMA1_Channel3_IRQHandler                 0x0800015f   Thumb Code     0  startup_stm32f10x_hd.o(.text)
    DMA1_Channel4_IRQHandler                 0x0800015f   Thumb Code     0  startup_stm32f10x_hd.o(.text)
    DMA1_Channel5_IRQHandler                 0x0800015f   Thumb Code     0  startup_stm32f10x_hd.o(.text)
    DMA1_Channel6_IRQHandler                 0x0800015f   Thumb Code     0  startup_stm32f10x_hd.o(.text)
    DMA1_Channel7_IRQHandler                 0x0800015f   Thumb Code     0  startup_stm32f10x_hd.o(.text)
    DMA2_Channel1_IRQHandler                 0x0800015f   Thumb Code     0  startup_stm32f10x_hd.o(.text)
    DMA2_Channel2_IRQHandler                 0x0800015f   Thumb Code     0  startup_stm32f10x_hd.o(.text)
    DMA2_Channel3_IRQHandler                 0x0800015f   Thumb Code     0  startup_stm32f10x_hd.o(.text)
    DMA2_Channel4_5_IRQHandler               0x0800015f   Thumb Code     0  startup_stm32f10x_hd.o(.text)
    EXTI0_IRQHandler                         0x0800015f   Thumb Code     0  startup_stm32f10x_hd.o(.text)
    EXTI15_10_IRQHandler                     0x0800015f   Thumb Code     0  startup_stm32f10x_hd.o(.text)
    EXTI1_IRQHandler                         0x0800015f   Thumb Code     0  startup_stm32f10x_hd.o(.text)
    EXTI2_IRQHandler                         0x0800015f   Thumb Code     0  startup_stm32f10x_hd.o(.text)
    EXTI3_IRQHandler                         0x0800015f   Thumb Code     0  startup_stm32f10x_hd.o(.text)
    EXTI4_IRQHandler                         0x0800015f   Thumb Code     0  startup_stm32f10x_hd.o(.text)
    EXTI9_5_IRQHandler                       0x0800015f   Thumb Code     0  startup_stm32f10x_hd.o(.text)
    FLASH_IRQHandler                         0x0800015f   Thumb Code     0  startup_stm32f10x_hd.o(.text)
    FSMC_IRQHandler                          0x0800015f   Thumb Code     0  startup_stm32f10x_hd.o(.text)
    I2C1_ER_IRQHandler                       0x0800015f   Thumb Code     0  startup_stm32f10x_hd.o(.text)
    I2C1_EV_IRQHandler                       0x0800015f   Thumb Code     0  startup_stm32f10x_hd.o(.text)
    I2C2_ER_IRQHandler                       0x0800015f   Thumb Code     0  startup_stm32f10x_hd.o(.text)
    I2C2_EV_IRQHandler                       0x0800015f   Thumb Code     0  startup_stm32f10x_hd.o(.text)
    PVD_IRQHandler                           0x0800015f   Thumb Code     0  startup_stm32f10x_hd.o(.text)
    RCC_IRQHandler                           0x0800015f   Thumb Code     0  startup_stm32f10x_hd.o(.text)
    RTCAlarm_IRQHandler                      0x0800015f   Thumb Code     0  startup_stm32f10x_hd.o(.text)
    RTC_IRQHandler                           0x0800015f   Thumb Code     0  startup_stm32f10x_hd.o(.text)
    SDIO_IRQHandler                          0x0800015f   Thumb Code     0  startup_stm32f10x_hd.o(.text)
    SPI1_IRQHandler                          0x0800015f   Thumb Code     0  startup_stm32f10x_hd.o(.text)
    SPI2_IRQHandler                          0x0800015f   Thumb Code     0  startup_stm32f10x_hd.o(.text)
    SPI3_IRQHandler                          0x0800015f   Thumb Code     0  startup_stm32f10x_hd.o(.text)
    TAMPER_IRQHandler                        0x0800015f   Thumb Code     0  startup_stm32f10x_hd.o(.text)
    TIM1_BRK_IRQHandler                      0x0800015f   Thumb Code     0  startup_stm32f10x_hd.o(.text)
    TIM1_CC_IRQHandler                       0x0800015f   Thumb Code     0  startup_stm32f10x_hd.o(.text)
    TIM1_TRG_COM_IRQHandler                  0x0800015f   Thumb Code     0  startup_stm32f10x_hd.o(.text)
    TIM1_UP_IRQHandler                       0x0800015f   Thumb Code     0  startup_stm32f10x_hd.o(.text)
    TIM2_IRQHandler                          0x0800015f   Thumb Code     0  startup_stm32f10x_hd.o(.text)
    TIM3_IRQHandler                          0x0800015f   Thumb Code     0  startup_stm32f10x_hd.o(.text)
    TIM4_IRQHandler                          0x0800015f   Thumb Code     0  startup_stm32f10x_hd.o(.text)
    TIM5_IRQHandler                          0x0800015f   Thumb Code     0  startup_stm32f10x_hd.o(.text)
    TIM6_IRQHandler                          0x0800015f   Thumb Code     0  startup_stm32f10x_hd.o(.text)
    TIM7_IRQHandler                          0x0800015f   Thumb Code     0  startup_stm32f10x_hd.o(.text)
    TIM8_BRK_IRQHandler                      0x0800015f   Thumb Code     0  startup_stm32f10x_hd.o(.text)
    TIM8_CC_IRQHandler                       0x0800015f   Thumb Code     0  startup_stm32f10x_hd.o(.text)
    TIM8_TRG_COM_IRQHandler                  0x0800015f   Thumb Code     0  startup_stm32f10x_hd.o(.text)
    TIM8_UP_IRQHandler                       0x0800015f   Thumb Code     0  startup_stm32f10x_hd.o(.text)
    UART4_IRQHandler                         0x0800015f   Thumb Code     0  startup_stm32f10x_hd.o(.text)
    UART5_IRQHandler                         0x0800015f   Thumb Code     0  startup_stm32f10x_hd.o(.text)
    USART1_IRQHandler                        0x0800015f   Thumb Code     0  startup_stm32f10x_hd.o(.text)
    USART2_IRQHandler                        0x0800015f   Thumb Code     0  startup_stm32f10x_hd.o(.text)
    USART3_IRQHandler                        0x0800015f   Thumb Code     0  startup_stm32f10x_hd.o(.text)
    USBWakeUp_IRQHandler                     0x0800015f   Thumb Code     0  startup_stm32f10x_hd.o(.text)
    USB_HP_CAN1_TX_IRQHandler                0x0800015f   Thumb Code     0  startup_stm32f10x_hd.o(.text)
    USB_LP_CAN1_RX0_IRQHandler               0x0800015f   Thumb Code     0  startup_stm32f10x_hd.o(.text)
    WWDG_IRQHandler                          0x0800015f   Thumb Code     0  startup_stm32f10x_hd.o(.text)
    main                                     0x08000169   Thumb Code    46  main.o(.text)
    NMI_Handler                              0x080001dd   Thumb Code     2  stm32f10x_it.o(.text)
    HardFault_Handler                        0x080001df   Thumb Code    10  stm32f10x_it.o(.text)
    MemManage_Handler                        0x080001e9   Thumb Code     4  stm32f10x_it.o(.text)
    BusFault_Handler                         0x080001ed   Thumb Code     4  stm32f10x_it.o(.text)
    UsageFault_Handler                       0x080001f1   Thumb Code     4  stm32f10x_it.o(.text)
    SVC_Handler                              0x080001f5   Thumb Code     2  stm32f10x_it.o(.text)
    DebugMon_Handler                         0x080001f7   Thumb Code     2  stm32f10x_it.o(.text)
    PendSV_Handler                           0x080001f9   Thumb Code     2  stm32f10x_it.o(.text)
    SysTick_Handler                          0x080001fb   Thumb Code     8  stm32f10x_it.o(.text)
    LED_GPIO_Config                          0x08000225   Thumb Code    68  bsp_led.o(.text)
    SysTick_Init                             0x08000271   Thumb Code    90  bsp_systick.o(.text)
    Delay_us                                 0x080002cb   Thumb Code    36  bsp_systick.o(.text)
    TimingDelay_Decrement                    0x080002ef   Thumb Code    18  bsp_systick.o(.text)
    USART1_Config                            0x08000311   Thumb Code   114  bsp_usart1.o(.text)
    fputc                                    0x08000383   Thumb Code    32  bsp_usart1.o(.text)
    fgetc                                    0x080003a3   Thumb Code    26  bsp_usart1.o(.text)
    GPIO_DeInit                              0x080003c5   Thumb Code   172  stm32f10x_gpio.o(.text)
    GPIO_AFIODeInit                          0x08000471   Thumb Code    20  stm32f10x_gpio.o(.text)
    GPIO_Init                                0x08000485   Thumb Code   274  stm32f10x_gpio.o(.text)
    GPIO_StructInit                          0x08000597   Thumb Code    16  stm32f10x_gpio.o(.text)
    GPIO_ReadInputDataBit                    0x080005a7   Thumb Code    18  stm32f10x_gpio.o(.text)
    GPIO_ReadInputData                       0x080005b9   Thumb Code     8  stm32f10x_gpio.o(.text)
    GPIO_ReadOutputDataBit                   0x080005c1   Thumb Code    18  stm32f10x_gpio.o(.text)
    GPIO_ReadOutputData                      0x080005d3   Thumb Code     8  stm32f10x_gpio.o(.text)
    GPIO_SetBits                             0x080005db   Thumb Code     4  stm32f10x_gpio.o(.text)
    GPIO_ResetBits                           0x080005df   Thumb Code     4  stm32f10x_gpio.o(.text)
    GPIO_WriteBit                            0x080005e3   Thumb Code    10  stm32f10x_gpio.o(.text)
    GPIO_Write                               0x080005ed   Thumb Code     4  stm32f10x_gpio.o(.text)
    GPIO_PinLockConfig                       0x080005f1   Thumb Code    18  stm32f10x_gpio.o(.text)
    GPIO_EventOutputConfig                   0x08000603   Thumb Code    26  stm32f10x_gpio.o(.text)
    GPIO_EventOutputCmd                      0x0800061d   Thumb Code     6  stm32f10x_gpio.o(.text)
    GPIO_PinRemapConfig                      0x08000623   Thumb Code   138  stm32f10x_gpio.o(.text)
    GPIO_EXTILineConfig                      0x080006ad   Thumb Code    66  stm32f10x_gpio.o(.text)
    GPIO_ETH_MediaInterfaceConfig            0x080006ef   Thumb Code     6  stm32f10x_gpio.o(.text)
    RCC_DeInit                               0x0800071d   Thumb Code    64  stm32f10x_rcc.o(.text)
    RCC_HSEConfig                            0x0800075d   Thumb Code    70  stm32f10x_rcc.o(.text)
    RCC_GetFlagStatus                        0x080007a3   Thumb Code    56  stm32f10x_rcc.o(.text)
    RCC_WaitForHSEStartUp                    0x080007db   Thumb Code    56  stm32f10x_rcc.o(.text)
    RCC_AdjustHSICalibrationValue            0x08000813   Thumb Code    20  stm32f10x_rcc.o(.text)
    RCC_HSICmd                               0x08000827   Thumb Code     6  stm32f10x_rcc.o(.text)
    RCC_PLLConfig                            0x0800082d   Thumb Code    24  stm32f10x_rcc.o(.text)
    RCC_PLLCmd                               0x08000845   Thumb Code     6  stm32f10x_rcc.o(.text)
    RCC_SYSCLKConfig                         0x0800084b   Thumb Code    18  stm32f10x_rcc.o(.text)
    RCC_GetSYSCLKSource                      0x0800085d   Thumb Code    10  stm32f10x_rcc.o(.text)
    RCC_HCLKConfig                           0x08000867   Thumb Code    18  stm32f10x_rcc.o(.text)
    RCC_PCLK1Config                          0x08000879   Thumb Code    18  stm32f10x_rcc.o(.text)
    RCC_PCLK2Config                          0x0800088b   Thumb Code    20  stm32f10x_rcc.o(.text)
    RCC_ITConfig                             0x0800089f   Thumb Code    26  stm32f10x_rcc.o(.text)
    RCC_USBCLKConfig                         0x080008b9   Thumb Code     6  stm32f10x_rcc.o(.text)
    RCC_ADCCLKConfig                         0x080008bf   Thumb Code    18  stm32f10x_rcc.o(.text)
    RCC_LSEConfig                            0x080008d1   Thumb Code    44  stm32f10x_rcc.o(.text)
    RCC_LSICmd                               0x080008fd   Thumb Code     6  stm32f10x_rcc.o(.text)
    RCC_RTCCLKConfig                         0x08000903   Thumb Code    12  stm32f10x_rcc.o(.text)
    RCC_RTCCLKCmd                            0x0800090f   Thumb Code     8  stm32f10x_rcc.o(.text)
    RCC_GetClocksFreq                        0x08000917   Thumb Code   192  stm32f10x_rcc.o(.text)
    RCC_AHBPeriphClockCmd                    0x080009d7   Thumb Code    26  stm32f10x_rcc.o(.text)
    RCC_APB2PeriphClockCmd                   0x080009f1   Thumb Code    26  stm32f10x_rcc.o(.text)
    RCC_APB1PeriphClockCmd                   0x08000a0b   Thumb Code    26  stm32f10x_rcc.o(.text)
    RCC_APB2PeriphResetCmd                   0x08000a25   Thumb Code    26  stm32f10x_rcc.o(.text)
    RCC_APB1PeriphResetCmd                   0x08000a3f   Thumb Code    26  stm32f10x_rcc.o(.text)
    RCC_BackupResetCmd                       0x08000a59   Thumb Code     8  stm32f10x_rcc.o(.text)
    RCC_ClockSecuritySystemCmd               0x08000a61   Thumb Code     6  stm32f10x_rcc.o(.text)
    RCC_MCOConfig                            0x08000a67   Thumb Code     6  stm32f10x_rcc.o(.text)
    RCC_ClearFlag                            0x08000a6d   Thumb Code    14  stm32f10x_rcc.o(.text)
    RCC_GetITStatus                          0x08000a7b   Thumb Code    20  stm32f10x_rcc.o(.text)
    RCC_ClearITPendingBit                    0x08000a8f   Thumb Code     6  stm32f10x_rcc.o(.text)
    SPI_I2S_DeInit                           0x08000ac1   Thumb Code    76  stm32f10x_spi.o(.text)
    SPI_Init                                 0x08000b0d   Thumb Code    60  stm32f10x_spi.o(.text)
    I2S_Init                                 0x08000b49   Thumb Code   226  stm32f10x_spi.o(.text)
    SPI_StructInit                           0x08000c2b   Thumb Code    24  stm32f10x_spi.o(.text)
    I2S_StructInit                           0x08000c43   Thumb Code    20  stm32f10x_spi.o(.text)
    SPI_Cmd                                  0x08000c57   Thumb Code    24  stm32f10x_spi.o(.text)
    I2S_Cmd                                  0x08000c6f   Thumb Code    24  stm32f10x_spi.o(.text)
    SPI_I2S_ITConfig                         0x08000c87   Thumb Code    32  stm32f10x_spi.o(.text)
    SPI_I2S_DMACmd                           0x08000ca7   Thumb Code    18  stm32f10x_spi.o(.text)
    SPI_I2S_SendData                         0x08000cb9   Thumb Code     4  stm32f10x_spi.o(.text)
    SPI_I2S_ReceiveData                      0x08000cbd   Thumb Code     6  stm32f10x_spi.o(.text)
    SPI_NSSInternalSoftwareConfig            0x08000cc3   Thumb Code    30  stm32f10x_spi.o(.text)
    SPI_SSOutputCmd                          0x08000ce1   Thumb Code    24  stm32f10x_spi.o(.text)
    SPI_DataSizeConfig                       0x08000cf9   Thumb Code    18  stm32f10x_spi.o(.text)
    SPI_TransmitCRC                          0x08000d0b   Thumb Code    10  stm32f10x_spi.o(.text)
    SPI_CalculateCRC                         0x08000d15   Thumb Code    24  stm32f10x_spi.o(.text)
    SPI_GetCRC                               0x08000d2d   Thumb Code    16  stm32f10x_spi.o(.text)
    SPI_GetCRCPolynomial                     0x08000d3d   Thumb Code     6  stm32f10x_spi.o(.text)
    SPI_BiDirectionalLineConfig              0x08000d43   Thumb Code    28  stm32f10x_spi.o(.text)
    SPI_I2S_GetFlagStatus                    0x08000d5f   Thumb Code    18  stm32f10x_spi.o(.text)
    SPI_I2S_ClearFlag                        0x08000d71   Thumb Code     6  stm32f10x_spi.o(.text)
    SPI_I2S_GetITStatus                      0x08000d77   Thumb Code    52  stm32f10x_spi.o(.text)
    SPI_I2S_ClearITPendingBit                0x08000dab   Thumb Code    20  stm32f10x_spi.o(.text)
    USART_DeInit                             0x08000dcd   Thumb Code   134  stm32f10x_usart.o(.text)
    USART_Init                               0x08000e53   Thumb Code   210  stm32f10x_usart.o(.text)
    USART_StructInit                         0x08000f25   Thumb Code    24  stm32f10x_usart.o(.text)
    USART_ClockInit                          0x08000f3d   Thumb Code    34  stm32f10x_usart.o(.text)
    USART_ClockStructInit                    0x08000f5f   Thumb Code    12  stm32f10x_usart.o(.text)
    USART_Cmd                                0x08000f6b   Thumb Code    24  stm32f10x_usart.o(.text)
    USART_ITConfig                           0x08000f83   Thumb Code    74  stm32f10x_usart.o(.text)
    USART_DMACmd                             0x08000fcd   Thumb Code    18  stm32f10x_usart.o(.text)
    USART_SetAddress                         0x08000fdf   Thumb Code    18  stm32f10x_usart.o(.text)
    USART_WakeUpConfig                       0x08000ff1   Thumb Code    18  stm32f10x_usart.o(.text)
    USART_ReceiverWakeUpCmd                  0x08001003   Thumb Code    24  stm32f10x_usart.o(.text)
    USART_LINBreakDetectLengthConfig         0x0800101b   Thumb Code    18  stm32f10x_usart.o(.text)
    USART_LINCmd                             0x0800102d   Thumb Code    24  stm32f10x_usart.o(.text)
    USART_SendData                           0x08001045   Thumb Code     8  stm32f10x_usart.o(.text)
    USART_ReceiveData                        0x0800104d   Thumb Code    10  stm32f10x_usart.o(.text)
    USART_SendBreak                          0x08001057   Thumb Code    10  stm32f10x_usart.o(.text)
    USART_SetGuardTime                       0x08001061   Thumb Code    16  stm32f10x_usart.o(.text)
    USART_SetPrescaler                       0x08001071   Thumb Code    16  stm32f10x_usart.o(.text)
    USART_SmartCardCmd                       0x08001081   Thumb Code    24  stm32f10x_usart.o(.text)
    USART_SmartCardNACKCmd                   0x08001099   Thumb Code    24  stm32f10x_usart.o(.text)
    USART_HalfDuplexCmd                      0x080010b1   Thumb Code    24  stm32f10x_usart.o(.text)
    USART_OverSampling8Cmd                   0x080010c9   Thumb Code    22  stm32f10x_usart.o(.text)
    USART_OneBitMethodCmd                    0x080010df   Thumb Code    24  stm32f10x_usart.o(.text)
    USART_IrDAConfig                         0x080010f7   Thumb Code    18  stm32f10x_usart.o(.text)
    USART_IrDACmd                            0x08001109   Thumb Code    24  stm32f10x_usart.o(.text)
    USART_GetFlagStatus                      0x08001121   Thumb Code    26  stm32f10x_usart.o(.text)
    USART_ClearFlag                          0x0800113b   Thumb Code    18  stm32f10x_usart.o(.text)
    USART_GetITStatus                        0x0800114d   Thumb Code    84  stm32f10x_usart.o(.text)
    USART_ClearITPendingBit                  0x080011a1   Thumb Code    52  stm32f10x_usart.o(.text)
    SystemInit                               0x080012b1   Thumb Code    78  system_stm32f10x.o(.text)
    SystemCoreClockUpdate                    0x080012ff   Thumb Code   142  system_stm32f10x.o(.text)
    enc28j60ReadOp                           0x080013b1   Thumb Code    72  enc28j60.o(.text)
    enc28j60WriteOp                          0x080013f9   Thumb Code    62  enc28j60.o(.text)
    enc28j60ReadBuffer                       0x08001437   Thumb Code    62  enc28j60.o(.text)
    enc28j60WriteBuffer                      0x08001475   Thumb Code    58  enc28j60.o(.text)
    enc28j60SetBank                          0x080014af   Thumb Code    48  enc28j60.o(.text)
    enc28j60Read                             0x080014df   Thumb Code    20  enc28j60.o(.text)
    enc28j60Write                            0x080014f3   Thumb Code    24  enc28j60.o(.text)
    enc28j60PhyWrite                         0x0800150b   Thumb Code    46  enc28j60.o(.text)
    enc28j60clkout                           0x08001539   Thumb Code    16  enc28j60.o(.text)
    enc28j60Init                             0x08001549   Thumb Code   314  enc28j60.o(.text)
    enc28j60getrev                           0x08001683   Thumb Code    10  enc28j60.o(.text)
    enc28j60PacketSend                       0x0800168d   Thumb Code   102  enc28j60.o(.text)
    enc28j60PacketReceive                    0x080016f3   Thumb Code   198  enc28j60.o(.text)
    SPI2_Init                                0x080017b9   Thumb Code   154  spi.o(.text)
    SPI2_ReadWrite                           0x08001853   Thumb Code    50  spi.o(.text)
    CMD_init                                 0x08001ae5   Thumb Code    38  cmd.o(.text)
    httpd_init                               0x08001da3   Thumb Code    38  httpd.o(.text)
    LwIP_Init                                0x08001e49   Thumb Code    76  netconfig.o(.text)
    Time_Update                              0x08001e95   Thumb Code    12  netconfig.o(.text)
    LwIP_Periodic_Handle                     0x08001ea1   Thumb Code    70  netconfig.o(.text)
    lwip_init                                0x08001f0b   Thumb Code    16  init.o(.text)
    mem_init                                 0x08001ff9   Thumb Code    88  mem.o(.text)
    mem_free                                 0x08002051   Thumb Code   198  mem.o(.text)
    mem_realloc                              0x08002117   Thumb Code   348  mem.o(.text)
    mem_malloc                               0x08002273   Thumb Code   870  mem.o(.text)
    mem_calloc                               0x080025d9   Thumb Code    34  mem.o(.text)
    memp_init                                0x080026ad   Thumb Code   136  memp.o(.text)
    memp_malloc                              0x08002735   Thumb Code   202  memp.o(.text)
    memp_free                                0x080027ff   Thumb Code    86  memp.o(.text)
    netif_set_gw                             0x0800291d   Thumb Code    16  netif.o(.text)
    netif_set_netmask                        0x0800292d   Thumb Code    16  netif.o(.text)
    netif_set_ipaddr                         0x0800293d   Thumb Code   122  netif.o(.text)
    netif_set_addr                           0x080029b7   Thumb Code    40  netif.o(.text)
    netif_add                                0x080029df   Thumb Code   124  netif.o(.text)
    netif_set_default                        0x08002a5b   Thumb Code    10  netif.o(.text)
    netif_remove                             0x08002a65   Thumb Code    78  netif.o(.text)
    netif_find                               0x08002ab3   Thumb Code    72  netif.o(.text)
    netif_set_up                             0x08002afb   Thumb Code    44  netif.o(.text)
    netif_set_down                           0x08002b27   Thumb Code    24  netif.o(.text)
    netif_is_up                              0x08002b3f   Thumb Code    12  netif.o(.text)
    pbuf_free                                0x08002b61   Thumb Code   214  pbuf.o(.text)
    pbuf_alloc                               0x08002c37   Thumb Code   668  pbuf.o(.text)
    pbuf_realloc                             0x08002ed3   Thumb Code   782  pbuf.o(.text)
    pbuf_header                              0x080031e1   Thumb Code   214  pbuf.o(.text)
    pbuf_clen                                0x080032b7   Thumb Code    18  pbuf.o(.text)
    pbuf_ref                                 0x080032c9   Thumb Code    10  pbuf.o(.text)
    pbuf_cat                                 0x080032d3   Thumb Code   138  pbuf.o(.text)
    pbuf_chain                               0x0800335d   Thumb Code    26  pbuf.o(.text)
    pbuf_dechain                             0x08003377   Thumb Code   132  pbuf.o(.text)
    pbuf_copy                                0x080033fb   Thumb Code   810  pbuf.o(.text)
    pbuf_copy_partial                        0x08003725   Thumb Code   190  pbuf.o(.text)
    pbuf_take                                0x080037e3   Thumb Code   214  pbuf.o(.text)
    pbuf_coalesce                            0x080038b9   Thumb Code    84  pbuf.o(.text)
    raw_input                                0x080039c9   Thumb Code   100  raw.o(.text)
    raw_bind                                 0x08003a2d   Thumb Code    16  raw.o(.text)
    raw_connect                              0x08003a3d   Thumb Code    16  raw.o(.text)
    raw_recv                                 0x08003a4d   Thumb Code     6  raw.o(.text)
    raw_sendto                               0x08003a53   Thumb Code   186  raw.o(.text)
    raw_send                                 0x08003b0d   Thumb Code    18  raw.o(.text)
    raw_remove                               0x08003b1f   Thumb Code    60  raw.o(.text)
    raw_new                                  0x08003b5b   Thumb Code    46  raw.o(.text)
    tcp_seg_free                             0x08003c05   Thumb Code    32  tcp.o(.text)
    tcp_segs_free                            0x08003c25   Thumb Code    30  tcp.o(.text)
    tcp_pcb_purge                            0x08003c43   Thumb Code    78  tcp.o(.text)
    tcp_slowtmr                              0x08003c91   Thumb Code  1400  tcp.o(.text)
    tcp_pcb_remove                           0x08004209   Thumb Code   198  tcp.o(.text)
    tcp_close                                0x080042cf   Thumb Code   234  tcp.o(.text)
    tcp_update_rcv_ann_wnd                   0x080043b9   Thumb Code    72  tcp.o(.text)
    tcp_recved                               0x08004401   Thumb Code   108  tcp.o(.text)
    tcp_recv_null                            0x0800446d   Thumb Code    46  tcp.o(.text)
    tcp_fasttmr                              0x0800449b   Thumb Code   122  tcp.o(.text)
    tcp_tmr                                  0x08004515   Thumb Code    30  tcp.o(.text)
    tcp_abandon                              0x08004533   Thumb Code   308  tcp.o(.text)
    tcp_bind                                 0x080046cf   Thumb Code   256  tcp.o(.text)
    tcp_listen_with_backlog                  0x080047d7   Thumb Code   216  tcp.o(.text)
    tcp_eff_send_mss                         0x080048af   Thumb Code    46  tcp.o(.text)
    tcp_next_iss                             0x080048dd   Thumb Code    20  tcp.o(.text)
    tcp_connect                              0x080048f1   Thumb Code   294  tcp.o(.text)
    tcp_setprio                              0x08004a17   Thumb Code     4  tcp.o(.text)
    tcp_alloc                                0x08004b4f   Thumb Code   232  tcp.o(.text)
    tcp_new                                  0x08004c37   Thumb Code    10  tcp.o(.text)
    tcp_arg                                  0x08004c41   Thumb Code     4  tcp.o(.text)
    tcp_recv                                 0x08004c45   Thumb Code     6  tcp.o(.text)
    tcp_sent                                 0x08004c4b   Thumb Code     6  tcp.o(.text)
    tcp_err                                  0x08004c51   Thumb Code     6  tcp.o(.text)
    tcp_accept                               0x08004c57   Thumb Code     4  tcp.o(.text)
    tcp_poll                                 0x08004c5b   Thumb Code    10  tcp.o(.text)
    tcp_debug_state_str                      0x08004c65   Thumb Code    10  tcp.o(.text)
    tcp_input                                0x08005e35   Thumb Code  1834  tcp_in.o(.text)
    tcp_enqueue                              0x0800661b   Thumb Code  1772  tcp_out.o(.text)
    tcp_send_ctrl                            0x08006d07   Thumb Code    28  tcp_out.o(.text)
    tcp_write                                0x08006d23   Thumb Code    80  tcp_out.o(.text)
    tcp_send_empty_ack                       0x08006d73   Thumb Code   120  tcp_out.o(.text)
    tcp_output                               0x08006ed5   Thumb Code   630  tcp_out.o(.text)
    tcp_rst                                  0x0800714b   Thumb Code   238  tcp_out.o(.text)
    tcp_rexmit_rto                           0x08007239   Thumb Code    58  tcp_out.o(.text)
    tcp_rexmit                               0x08007273   Thumb Code    80  tcp_out.o(.text)
    tcp_rexmit_fast                          0x080072c3   Thumb Code   126  tcp_out.o(.text)
    tcp_keepalive                            0x08007341   Thumb Code   158  tcp_out.o(.text)
    tcp_zero_window_probe                    0x080073df   Thumb Code   244  tcp_out.o(.text)
    udp_input                                0x08007509   Thumb Code   640  udp.o(.text)
    udp_bind                                 0x08007789   Thumb Code   164  udp.o(.text)
    udp_sendto_if                            0x0800782d   Thumb Code   498  udp.o(.text)
    udp_sendto                               0x08007a1f   Thumb Code    70  udp.o(.text)
    udp_send                                 0x08007a65   Thumb Code    20  udp.o(.text)
    udp_connect                              0x08007a79   Thumb Code    98  udp.o(.text)
    udp_disconnect                           0x08007adb   Thumb Code    28  udp.o(.text)
    udp_recv                                 0x08007af7   Thumb Code     6  udp.o(.text)
    udp_remove                               0x08007afd   Thumb Code    60  udp.o(.text)
    udp_new                                  0x08007b39   Thumb Code    28  udp.o(.text)
    icmp_input                               0x08007b61   Thumb Code   704  icmp.o(.text)
    icmp_dest_unreach                        0x08007ecb   Thumb Code    18  icmp.o(.text)
    icmp_time_exceeded                       0x08007edd   Thumb Code    18  icmp.o(.text)
    htonl                                    0x08008061   Thumb Code    26  inet.o(.text)
    inet_aton                                0x0800807b   Thumb Code   342  inet.o(.text)
    inet_addr                                0x080081d1   Thumb Code    24  inet.o(.text)
    inet_ntoa                                0x080081e9   Thumb Code   112  inet.o(.text)
    htons                                    0x08008259   Thumb Code    12  inet.o(.text)
    ntohs                                    0x08008265   Thumb Code    12  inet.o(.text)
    ntohl                                    0x08008271   Thumb Code    12  inet.o(.text)
    inet_chksum_pseudo                       0x080082cb   Thumb Code   170  inet_chksum.o(.text)
    inet_chksum                              0x08008375   Thumb Code    20  inet_chksum.o(.text)
    inet_chksum_pbuf                         0x08008389   Thumb Code    86  inet_chksum.o(.text)
    ip_route                                 0x080083e1   Thumb Code    90  ip.o(.text)
    ip_input                                 0x0800843b   Thumb Code   636  ip.o(.text)
    ip_output_if                             0x080086b7   Thumb Code   484  ip.o(.text)
    ip_output                                0x0800889b   Thumb Code    74  ip.o(.text)
    ip_addr_isbroadcast                      0x080088e9   Thumb Code    78  ip_addr.o(.text)
    ip_reass_tmr                             0x08008a43   Thumb Code    56  ip_frag.o(.text)
    ip_reass                                 0x08008e9f   Thumb Code   492  ip_frag.o(.text)
    ip_frag                                  0x0800908b   Thumb Code   344  ip_frag.o(.text)
    etharp_tmr                               0x08009289   Thumb Code   166  etharp.o(.text)
    etharp_find_addr                         0x0800979f   Thumb Code    78  etharp.o(.text)
    etharp_ip_input                          0x080097ed   Thumb Code    86  etharp.o(.text)
    etharp_arp_input                         0x08009843   Thumb Code   458  etharp.o(.text)
    etharp_request                           0x08009b95   Thumb Code    40  etharp.o(.text)
    etharp_query                             0x08009bbd   Thumb Code   522  etharp.o(.text)
    etharp_output                            0x08009dc7   Thumb Code   212  etharp.o(.text)
    ethernet_input                           0x08009e9b   Thumb Code   160  etharp.o(.text)
    ethernetif_input                         0x0800a095   Thumb Code    50  ethernetif.o(.text)
    ethernetif_init                          0x0800a0c7   Thumb Code    62  ethernetif.o(.text)
    __aeabi_memcpy                           0x0800a119   Thumb Code    36  memcpya.o(.text)
    __aeabi_memcpy4                          0x0800a119   Thumb Code     0  memcpya.o(.text)
    __aeabi_memcpy8                          0x0800a119   Thumb Code     0  memcpya.o(.text)
    __aeabi_memset                           0x0800a13d   Thumb Code    14  memseta.o(.text)
    __aeabi_memset4                          0x0800a13d   Thumb Code     0  memseta.o(.text)
    __aeabi_memset8                          0x0800a13d   Thumb Code     0  memseta.o(.text)
    __aeabi_memclr                           0x0800a14b   Thumb Code     4  memseta.o(.text)
    __aeabi_memclr4                          0x0800a14b   Thumb Code     0  memseta.o(.text)
    __aeabi_memclr8                          0x0800a14b   Thumb Code     0  memseta.o(.text)
    _memset$wrapper                          0x0800a14f   Thumb Code    18  memseta.o(.text)
    strstr                                   0x0800a161   Thumb Code    36  strstr.o(.text)
    strchr                                   0x0800a185   Thumb Code    20  strchr.o(.text)
    strcmp                                   0x0800a199   Thumb Code    28  strcmp.o(.text)
    strcpy                                   0x0800a1b5   Thumb Code    18  strcpy.o(.text)
    strncmp                                  0x0800a1c7   Thumb Code    30  strncmp.o(.text)
    __aeabi_uidiv                            0x0800a1e5   Thumb Code     0  uidiv.o(.text)
    __aeabi_uidivmod                         0x0800a1e5   Thumb Code    44  uidiv.o(.text)
    __aeabi_uldivmod                         0x0800a211   Thumb Code    98  uldiv.o(.text)
    __I$use$fp                               0x0800a273   Thumb Code     0  iusefp.o(.text)
    __aeabi_dadd                             0x0800a273   Thumb Code   322  dadd.o(.text)
    __aeabi_dsub                             0x0800a3b5   Thumb Code     6  dadd.o(.text)
    __aeabi_drsub                            0x0800a3bb   Thumb Code     6  dadd.o(.text)
    __aeabi_dmul                             0x0800a3c1   Thumb Code   228  dmul.o(.text)
    __aeabi_ddiv                             0x0800a4a5   Thumb Code   222  ddiv.o(.text)
    __aeabi_d2ulz                            0x0800a583   Thumb Code    48  dfixul.o(.text)
    __aeabi_cdrcmple                         0x0800a5b5   Thumb Code    38  cdrcmple.o(.text)
    __scatterload                            0x0800a5dd   Thumb Code    28  init.o(.text)
    __scatterload_rt2                        0x0800a5dd   Thumb Code     0  init.o(.text)
    __aeabi_llsl                             0x0800a601   Thumb Code    30  llshl.o(.text)
    _ll_shift_l                              0x0800a601   Thumb Code     0  llshl.o(.text)
    __aeabi_llsr                             0x0800a61f   Thumb Code    32  llushr.o(.text)
    _ll_ushift_r                             0x0800a61f   Thumb Code     0  llushr.o(.text)
    __aeabi_lasr                             0x0800a63f   Thumb Code    36  llsshr.o(.text)
    _ll_sshift_r                             0x0800a63f   Thumb Code     0  llsshr.o(.text)
    _double_round                            0x0800a663   Thumb Code    26  depilogue.o(.text)
    _double_epilogue                         0x0800a67d   Thumb Code   164  depilogue.o(.text)
    __0printf                                0x0800a721   Thumb Code    22  printfa.o(i.__0printf)
    __1printf                                0x0800a721   Thumb Code     0  printfa.o(i.__0printf)
    __2printf                                0x0800a721   Thumb Code     0  printfa.o(i.__0printf)
    __c89printf                              0x0800a721   Thumb Code     0  printfa.o(i.__0printf)
    printf                                   0x0800a721   Thumb Code     0  printfa.o(i.__0printf)
    __scatterload_copy                       0x0800a741   Thumb Code    14  handlers.o(i.__scatterload_copy)
    __scatterload_null                       0x0800a74f   Thumb Code     2  handlers.o(i.__scatterload_null)
    __scatterload_zeroinit                   0x0800a751   Thumb Code    14  handlers.o(i.__scatterload_zeroinit)
    tcp_backoff                              0x0800b92c   Data          13  tcp.o(.constdata)
    tcp_persist_backoff                      0x0800b939   Data           7  tcp.o(.constdata)
    ip_addr_any                              0x0800b991   Data           4  ip_addr.o(.constdata)
    ip_addr_broadcast                        0x0800b995   Data           4  ip_addr.o(.constdata)
    ethbroadcast                             0x0800b99c   Data           6  etharp.o(.constdata)
    ethzero                                  0x0800b9a2   Data           6  etharp.o(.constdata)
    Region$$Table$$Base                      0x0800ba54   Number         0  anon$$obj.o(Region$$Table)
    Region$$Table$$Limit                     0x0800ba74   Number         0  anon$$obj.o(Region$$Table)
    LocalTime                                0x20000000   Data           4  main.o(.data)
    SystemCoreClock                          0x2000001c   Data           4  system_stm32f10x.o(.data)
    AHBPrescTable                            0x20000020   Data          16  system_stm32f10x.o(.data)
    TCPTimer                                 0x20000034   Data           4  netconfig.o(.data)
    ARPTimer                                 0x20000038   Data           4  netconfig.o(.data)
    INPUT_Timer                              0x2000003c   Data           4  netconfig.o(.data)
    DHCPfineTimer                            0x20000040   Data           4  netconfig.o(.data)
    DHCPcoarseTimer                          0x20000044   Data           4  netconfig.o(.data)
    macaddress                               0x20000048   Data           6  netconfig.o(.data)
    netif_list                               0x20000064   Data           4  netif.o(.data)
    netif_default                            0x20000068   Data           4  netif.o(.data)
    tcp_state_str                            0x20000070   Data          44  tcp.o(.data)
    tcp_ticks                                0x200000a4   Data           4  tcp.o(.data)
    tcp_bound_pcbs                           0x200000a8   Data           4  tcp.o(.data)
    tcp_listen_pcbs                          0x200000ac   Data           4  tcp.o(.data)
    tcp_active_pcbs                          0x200000b0   Data           4  tcp.o(.data)
    tcp_tw_pcbs                              0x200000b4   Data           4  tcp.o(.data)
    tcp_tmp_pcb                              0x200000b8   Data           4  tcp.o(.data)
    tcp_input_pcb                            0x200000dc   Data           4  tcp_in.o(.data)
    udp_pcbs                                 0x200000e0   Data           4  udp.o(.data)
    current_netif                            0x200000e8   Data           4  ip.o(.data)
    current_header                           0x200000ec   Data           4  ip.o(.data)
    __stdout                                 0x200000f8   Data           4  stdout.o(.data)
    r_msg                                    0x200000fc   Data          45  cmd.o(.bss)
    enc28j60                                 0x2000012c   Data          48  netconfig.o(.bss)
    lwip_stats                               0x20005820   Data         268  stats.o(.bss)
    Data_Buf                                 0x20005ff8   Data        6081  ethernetif.o(.bss)
    Tx_Data_Buf                              0x200077b9   Data        3000  ethernetif.o(.bss)
    __initial_sp                             0x20008778   Data           0  startup_stm32f10x_hd.o(STACK)



==============================================================================

Memory Map of the image

  Image Entry point : 0x08000131

  Load Region LR_IROM1 (Base: 0x08000000, Size: 0x0000bb70, Max: 0x00080000, ABSOLUTE)

    Execution Region ER_IROM1 (Base: 0x08000000, Size: 0x0000ba74, Max: 0x00080000, ABSOLUTE)

    Base Addr    Size         Type   Attr      Idx    E Section Name        Object

    0x08000000   0x00000130   Data   RO            3    RESET               startup_stm32f10x_hd.o
    0x08000130   0x00000000   Code   RO         1231  * .ARM.Collect$$$$00000000  mc_w.l(entry.o)
    0x08000130   0x00000004   Code   RO         1511    .ARM.Collect$$$$00000001  mc_w.l(entry2.o)
    0x08000134   0x00000004   Code   RO         1514    .ARM.Collect$$$$00000004  mc_w.l(entry5.o)
    0x08000138   0x00000000   Code   RO         1516    .ARM.Collect$$$$00000008  mc_w.l(entry7b.o)
    0x08000138   0x00000000   Code   RO         1518    .ARM.Collect$$$$0000000A  mc_w.l(entry8b.o)
    0x08000138   0x00000008   Code   RO         1519    .ARM.Collect$$$$0000000B  mc_w.l(entry9a.o)
    0x08000140   0x00000000   Code   RO         1521    .ARM.Collect$$$$0000000D  mc_w.l(entry10a.o)
    0x08000140   0x00000000   Code   RO         1523    .ARM.Collect$$$$0000000F  mc_w.l(entry11a.o)
    0x08000140   0x00000004   Code   RO         1512    .ARM.Collect$$$$00002712  mc_w.l(entry2.o)
    0x08000144   0x00000024   Code   RO            4    .text               startup_stm32f10x_hd.o
    0x08000168   0x00000074   Code   RO           10    .text               main.o
    0x080001dc   0x00000048   Code   RO          149    .text               stm32f10x_it.o
    0x08000224   0x0000004c   Code   RO          164    .text               bsp_led.o
    0x08000270   0x000000a0   Code   RO          176    .text               bsp_systick.o
    0x08000310   0x000000b4   Code   RO          194    .text               bsp_usart1.o
    0x080003c4   0x00000358   Code   RO          386    .text               stm32f10x_gpio.o
    0x0800071c   0x000003a4   Code   RO          443    .text               stm32f10x_rcc.o
    0x08000ac0   0x0000030c   Code   RO          487    .text               stm32f10x_spi.o
    0x08000dcc   0x00000408   Code   RO          514    .text               stm32f10x_usart.o
    0x080011d4   0x000001dc   Code   RO          551    .text               system_stm32f10x.o
    0x080013b0   0x00000408   Code   RO          569    .text               enc28j60.o
    0x080017b8   0x000000d8   Code   RO          592    .text               spi.o
    0x08001890   0x00000398   Code   RO          607    .text               cmd.o
    0x08001c28   0x00000220   Code   RO          637    .text               httpd.o
    0x08001e48   0x000000c0   Code   RO          658    .text               netconfig.o
    0x08001f08   0x00000012   Code   RO          750    .text               init.o
    0x08001f1a   0x00000002   PAD
    0x08001f1c   0x00000790   Code   RO          808    .text               mem.o
    0x080026ac   0x00000270   Code   RO          823    .text               memp.o
    0x0800291c   0x00000244   Code   RO          855    .text               netif.o
    0x08002b60   0x00000e68   Code   RO          877    .text               pbuf.o
    0x080039c8   0x0000023c   Code   RO          892    .text               raw.o
    0x08003c04   0x00001080   Code   RO          924    .text               tcp.o
    0x08004c84   0x0000190c   Code   RO          945    .text               tcp_in.o
    0x08006590   0x00000f78   Code   RO          968    .text               tcp_out.o
    0x08007508   0x00000658   Code   RO          981    .text               udp.o
    0x08007b60   0x00000500   Code   RO         1008    .text               icmp.o
    0x08008060   0x00000220   Code   RO         1026    .text               inet.o
    0x08008280   0x0000015e   Code   RO         1039    .text               inet_chksum.o
    0x080083de   0x00000002   PAD
    0x080083e0   0x00000508   Code   RO         1058    .text               ip.o
    0x080088e8   0x0000004e   Code   RO         1079    .text               ip_addr.o
    0x08008936   0x00000002   PAD
    0x08008938   0x000008ec   Code   RO         1101    .text               ip_frag.o
    0x08009224   0x00000d90   Code   RO         1152    .text               etharp.o
    0x08009fb4   0x00000164   Code   RO         1172    .text               ethernetif.o
    0x0800a118   0x00000024   Code   RO         1234    .text               mc_w.l(memcpya.o)
    0x0800a13c   0x00000024   Code   RO         1236    .text               mc_w.l(memseta.o)
    0x0800a160   0x00000024   Code   RO         1238    .text               mc_w.l(strstr.o)
    0x0800a184   0x00000014   Code   RO         1240    .text               mc_w.l(strchr.o)
    0x0800a198   0x0000001c   Code   RO         1242    .text               mc_w.l(strcmp.o)
    0x0800a1b4   0x00000012   Code   RO         1244    .text               mc_w.l(strcpy.o)
    0x0800a1c6   0x0000001e   Code   RO         1246    .text               mc_w.l(strncmp.o)
    0x0800a1e4   0x0000002c   Code   RO         1526    .text               mc_w.l(uidiv.o)
    0x0800a210   0x00000062   Code   RO         1528    .text               mc_w.l(uldiv.o)
    0x0800a272   0x00000000   Code   RO         1530    .text               mc_w.l(iusefp.o)
    0x0800a272   0x0000014e   Code   RO         1531    .text               mf_w.l(dadd.o)
    0x0800a3c0   0x000000e4   Code   RO         1533    .text               mf_w.l(dmul.o)
    0x0800a4a4   0x000000de   Code   RO         1535    .text               mf_w.l(ddiv.o)
    0x0800a582   0x00000030   Code   RO         1537    .text               mf_w.l(dfixul.o)
    0x0800a5b2   0x00000002   PAD
    0x0800a5b4   0x00000028   Code   RO         1539    .text               mf_w.l(cdrcmple.o)
    0x0800a5dc   0x00000024   Code   RO         1541    .text               mc_w.l(init.o)
    0x0800a600   0x0000001e   Code   RO         1543    .text               mc_w.l(llshl.o)
    0x0800a61e   0x00000020   Code   RO         1545    .text               mc_w.l(llushr.o)
    0x0800a63e   0x00000024   Code   RO         1547    .text               mc_w.l(llsshr.o)
    0x0800a662   0x000000be   Code   RO         1549    .text               mf_w.l(depilogue.o)
    0x0800a720   0x00000020   Code   RO         1483    i.__0printf         mc_w.l(printfa.o)
    0x0800a740   0x0000000e   Code   RO         1553    i.__scatterload_copy  mc_w.l(handlers.o)
    0x0800a74e   0x00000002   Code   RO         1554    i.__scatterload_null  mc_w.l(handlers.o)
    0x0800a750   0x0000000e   Code   RO         1555    i.__scatterload_zeroinit  mc_w.l(handlers.o)
    0x0800a75e   0x00000002   PAD
    0x0800a760   0x0000015c   Code   RO         1490    i._fp_digits        mc_w.l(printfa.o)
    0x0800a8bc   0x000006f0   Code   RO         1491    i._printf_core      mc_w.l(printfa.o)
    0x0800afac   0x00000026   Code   RO         1492    i._printf_post_padding  mc_w.l(printfa.o)
    0x0800afd2   0x00000030   Code   RO         1493    i._printf_pre_padding  mc_w.l(printfa.o)
    0x0800b002   0x00000905   Data   RO          638    .constdata          httpd.o
    0x0800b907   0x00000001   PAD
    0x0800b908   0x00000024   Data   RO          825    .constdata          memp.o
    0x0800b92c   0x00000014   Data   RO          925    .constdata          tcp.o
    0x0800b940   0x00000051   Data   RO          969    .constdata          tcp_out.o
    0x0800b991   0x00000008   Data   RO         1080    .constdata          ip_addr.o
    0x0800b999   0x00000003   PAD
    0x0800b99c   0x00000050   Data   RO         1154    .constdata          etharp.o
    0x0800b9ec   0x00000068   Data   RO          926    .conststring        tcp.o
    0x0800ba54   0x00000020   Data   RO         1551    Region$$Table       anon$$obj.o


    Execution Region RW_IRAM1 (Base: 0x20000000, Size: 0x00008778, Max: 0x00010000, ABSOLUTE)

    Base Addr    Size         Type   Attr      Idx    E Section Name        Object

    0x20000000   0x00000004   Data   RW           11    .data               main.o
    0x20000004   0x00000004   Data   RW          177    .data               bsp_systick.o
    0x20000008   0x00000014   Data   RW          444    .data               stm32f10x_rcc.o
    0x2000001c   0x00000014   Data   RW          552    .data               system_stm32f10x.o
    0x20000030   0x00000004   Data   RW          570    .data               enc28j60.o
    0x20000034   0x0000001a   Data   RW          660    .data               netconfig.o
    0x2000004e   0x00000002   PAD
    0x20000050   0x0000000d   Data   RW          810    .data               mem.o
    0x2000005d   0x00000003   PAD
    0x20000060   0x0000000c   Data   RW          856    .data               netif.o
    0x2000006c   0x00000004   Data   RW          893    .data               raw.o
    0x20000070   0x0000004d   Data   RW          927    .data               tcp.o
    0x200000bd   0x00000003   PAD
    0x200000c0   0x00000020   Data   RW          947    .data               tcp_in.o
    0x200000e0   0x00000004   Data   RW          982    .data               udp.o
    0x200000e4   0x0000000c   Data   RW         1059    .data               ip.o
    0x200000f0   0x00000006   Data   RW         1103    .data               ip_frag.o
    0x200000f6   0x00000001   Data   RW         1155    .data               etharp.o
    0x200000f7   0x00000001   PAD
    0x200000f8   0x00000004   Data   RW         1525    .data               mc_w.l(stdout.o)
    0x200000fc   0x0000002d   Zero   RW          608    .bss                cmd.o
    0x20000129   0x00000003   PAD
    0x2000012c   0x00000030   Zero   RW          659    .bss                netconfig.o
    0x2000015c   0x00001014   Zero   RW          809    .bss                mem.o
    0x20001170   0x000046af   Zero   RW          824    .bss                memp.o
    0x2000581f   0x00000001   PAD
    0x20005820   0x0000010c   Zero   RW          906    .bss                stats.o
    0x2000592c   0x00000014   Zero   RW          946    .bss                tcp_in.o
    0x20005940   0x00000010   Zero   RW         1027    .bss                inet.o
    0x20005950   0x000005e0   Zero   RW         1102    .bss                ip_frag.o
    0x20005f30   0x000000c8   Zero   RW         1153    .bss                etharp.o
    0x20005ff8   0x00002379   Zero   RW         1173    .bss                ethernetif.o
    0x20008371   0x00000007   PAD
    0x20008378   0x00000400   Zero   RW            1    STACK               startup_stm32f10x_hd.o


==============================================================================

Image component sizes


      Code (inc. data)   RO Data    RW Data    ZI Data      Debug   Object Name

        76          8          0          0          0        466   bsp_led.o
       160         16          0          4          0      16473   bsp_systick.o
       180          8          0          0          0        936   bsp_usart1.o
       920        286          0          0         45      14051   cmd.o
      1032         12          0          4          0       3804   enc28j60.o
      3472        432         80          1        200       9307   etharp.o
       356         20          0          0       9081       3998   ethernetif.o
       544        128       2309          0          0       9055   httpd.o
      1280        370          0          0          0       2654   icmp.o
       544         10          0          0         16       3088   inet.o
       350          0          0          0          0       5078   inet_chksum.o
        18          0          0          0          0       9070   init.o
      1288        162          0         12          0       5762   ip.o
        78          0          8          0          0       5285   ip_addr.o
      2284        394          0          6       1504       5808   ip_frag.o
       116         70          0          4          0     250385   main.o
      1936        552          0         13       4116       3750   mem.o
       624        200         36          0      18095       2990   memp.o
       192         34          0         26         48       1623   netconfig.o
       580         22          0         12          0       5152   netif.o
      3688       1164          0          0          0       5948   pbuf.o
       572        124          0          4          0       3241   raw.o
       216         12          0          0          0        783   spi.o
        36          8        304          0       1024        808   startup_stm32f10x_hd.o
         0          0          0          0        268       3173   stats.o
       856         40          0          0          0       5557   stm32f10x_gpio.o
        72         34          0          0          0       1250   stm32f10x_it.o
       932         44          0         20          0       8676   stm32f10x_rcc.o
       780         14          0          0          0       6442   stm32f10x_spi.o
      1032         22          0          0          0       8284   stm32f10x_usart.o
       476         36          0         20          0       1715   system_stm32f10x.o
      4224        766        124         77          0      17852   tcp.o
      6412        896          0         32         20      13372   tcp_in.o
      3960        538         81          0          0       6990   tcp_out.o
      1624        200          0          4          0       6201   udp.o

    ----------------------------------------------------------------------
     40916       6622       2978        248      34428     449027   Object Totals
         0          0         32          0          0          0   (incl. Generated)
         6          0          4          9         11          0   (incl. Padding)

    ----------------------------------------------------------------------

      Code (inc. data)   RO Data    RW Data    ZI Data      Debug   Library Member Name

         0          0          0          0          0          0   entry.o
         0          0          0          0          0          0   entry10a.o
         0          0          0          0          0          0   entry11a.o
         8          4          0          0          0          0   entry2.o
         4          0          0          0          0          0   entry5.o
         0          0          0          0          0          0   entry7b.o
         0          0          0          0          0          0   entry8b.o
         8          4          0          0          0          0   entry9a.o
        30          0          0          0          0          0   handlers.o
        36          8          0          0          0         68   init.o
         0          0          0          0          0          0   iusefp.o
        30          0          0          0          0         68   llshl.o
        36          0          0          0          0         68   llsshr.o
        32          0          0          0          0         68   llushr.o
        36          0          0          0          0         68   memcpya.o
        36          0          0          0          0        108   memseta.o
      2242         90          0          0          0        444   printfa.o
         0          0          0          4          0          0   stdout.o
        20          0          0          0          0         68   strchr.o
        28          0          0          0          0         76   strcmp.o
        18          0          0          0          0         68   strcpy.o
        30          0          0          0          0         80   strncmp.o
        36          0          0          0          0         80   strstr.o
        44          0          0          0          0         80   uidiv.o
        98          0          0          0          0         92   uldiv.o
        40          2          0          0          0         68   cdrcmple.o
       334          0          0          0          0        148   dadd.o
       222          0          0          0          0        100   ddiv.o
       190          0          0          0          0        176   depilogue.o
        48          0          0          0          0         68   dfixul.o
       228          0          0          0          0         96   dmul.o

    ----------------------------------------------------------------------
      3838        108          0          4          0       2092   Library Totals
         4          0          0          0          0          0   (incl. Padding)

    ----------------------------------------------------------------------

      Code (inc. data)   RO Data    RW Data    ZI Data      Debug   Library Name

      2772        106          0          4          0       1436   mc_w.l
      1062          2          0          0          0        656   mf_w.l

    ----------------------------------------------------------------------
      3838        108          0          4          0       2092   Library Totals

    ----------------------------------------------------------------------

==============================================================================


      Code (inc. data)   RO Data    RW Data    ZI Data      Debug   

     44754       6730       2978        252      34428     447219   Grand Totals
     44754       6730       2978        252      34428     447219   ELF Image Totals
     44754       6730       2978        252          0          0   ROM Totals

==============================================================================

    Total RO  Size (Code + RO Data)                47732 (  46.61kB)
    Total RW  Size (RW Data + ZI Data)             34680 (  33.87kB)
    Total ROM Size (Code + RO Data + RW Data)      47984 (  46.86kB)

==============================================================================

